2026-04-14 06:31:23,408	INFO utils.py:305 -- Get all modules by type: DashboardHeadModule
2026-04-14 06:31:23,734	INFO utils.py:338 -- Available modules: [<class 'ray.dashboard.modules.usage_stats.usage_stats_head.UsageStatsHead'>]
2026-04-14 06:31:23,734	INFO head.py:235 -- DashboardHeadModules to load: None.
2026-04-14 06:31:23,734	INFO head.py:238 -- Loading DashboardHeadModule: <class 'ray.dashboard.modules.usage_stats.usage_stats_head.UsageStatsHead'>.
2026-04-14 06:31:23,734	INFO head.py:242 -- Loaded 1 dashboard head modules: [<ray.dashboard.modules.usage_stats.usage_stats_head.UsageStatsHead object at 0x783670d7bf10>].
2026-04-14 06:31:23,734	INFO utils.py:305 -- Get all modules by type: SubprocessModule
2026-04-14 06:31:23,736	INFO utils.py:338 -- Available modules: [<class 'ray.dashboard.modules.metrics.metrics_head.MetricsHead'>, <class 'ray.dashboard.modules.data.data_head.DataHead'>, <class 'ray.dashboard.modules.event.event_head.EventHead'>, <class 'ray.dashboard.modules.job.job_head.JobHead'>, <class 'ray.dashboard.modules.node.node_head.NodeHead'>, <class 'ray.dashboard.modules.reporter.reporter_head.ReportHead'>, <class 'ray.dashboard.modules.serve.serve_head.ServeHead'>, <class 'ray.dashboard.modules.state.state_head.StateHead'>, <class 'ray.dashboard.modules.train.train_head.TrainHead'>]
2026-04-14 06:31:23,736	INFO head.py:292 -- Loading SubprocessModule: <class 'ray.dashboard.modules.metrics.metrics_head.MetricsHead'>.
2026-04-14 06:31:23,736	INFO head.py:292 -- Loading SubprocessModule: <class 'ray.dashboard.modules.data.data_head.DataHead'>.
2026-04-14 06:31:23,736	INFO head.py:292 -- Loading SubprocessModule: <class 'ray.dashboard.modules.event.event_head.EventHead'>.
2026-04-14 06:31:23,736	INFO head.py:292 -- Loading SubprocessModule: <class 'ray.dashboard.modules.job.job_head.JobHead'>.
2026-04-14 06:31:23,736	INFO head.py:292 -- Loading SubprocessModule: <class 'ray.dashboard.modules.node.node_head.NodeHead'>.
2026-04-14 06:31:23,736	INFO head.py:292 -- Loading SubprocessModule: <class 'ray.dashboard.modules.reporter.reporter_head.ReportHead'>.
2026-04-14 06:31:23,736	INFO head.py:292 -- Loading SubprocessModule: <class 'ray.dashboard.modules.serve.serve_head.ServeHead'>.
2026-04-14 06:31:23,736	INFO head.py:292 -- Loading SubprocessModule: <class 'ray.dashboard.modules.state.state_head.StateHead'>.
2026-04-14 06:31:23,736	INFO head.py:292 -- Loading SubprocessModule: <class 'ray.dashboard.modules.train.train_head.TrainHead'>.
2026-04-14 06:31:23,736	INFO head.py:296 -- Loaded 9 subprocess modules: [<ray.dashboard.subprocesses.handle.SubprocessModuleHandle object at 0x783658d4ca00>, <ray.dashboard.subprocesses.handle.SubprocessModuleHandle object at 0x783658c9db70>, <ray.dashboard.subprocesses.handle.SubprocessModuleHandle object at 0x783658c9ceb0>, <ray.dashboard.subprocesses.handle.SubprocessModuleHandle object at 0x7836621c7670>, <ray.dashboard.subprocesses.handle.SubprocessModuleHandle object at 0x783658cbcf10>, <ray.dashboard.subprocesses.handle.SubprocessModuleHandle object at 0x783658cbc7c0>, <ray.dashboard.subprocesses.handle.SubprocessModuleHandle object at 0x783658cbcf70>, <ray.dashboard.subprocesses.handle.SubprocessModuleHandle object at 0x783658cbcf40>, <ray.dashboard.subprocesses.handle.SubprocessModuleHandle object at 0x783658cbc790>].
2026-04-14 06:31:24,305	INFO head.py:311 -- Starting dashboard metrics server on port 44227
2026-04-14 06:31:24,307	INFO head.py:435 -- Initialize the http server.
2026-04-14 06:31:24,308	INFO http_server_head.py:103 -- Setup static dir for dashboard: /home/ubuntu/boogie-parser/venv/lib/python3.10/site-packages/ray/dashboard/client/build
2026-04-14 06:31:24,310	WARNING __init__.py:161 -- DeprecationWarning: `ray.ray_constants.DASHBOARD_CLIENT_MAX_SIZE` is a private attribute and access will be removed in a future Ray version.
2026-04-14 06:31:24,328	INFO http_server_head.py:291 -- Dashboard head http address: 127.0.0.1:9063
2026-04-14 06:31:24,328	INFO http_server_head.py:298 -- <ResourceRoute [GET] <PlainResource  /usage_stats_enabled> -> <function UsageStatsHead.get_usage_stats_enabled at 0x783658cb8dc0>
2026-04-14 06:31:24,328	INFO http_server_head.py:298 -- <ResourceRoute [GET] <PlainResource  /cluster_id> -> <function UsageStatsHead.get_cluster_id at 0x783658cb8ee0>
2026-04-14 06:31:24,328	INFO http_server_head.py:298 -- <ResourceRoute [GET] <PlainResource  /> -> <function HttpServerDashboardHead.get_index at 0x783658b04280>
2026-04-14 06:31:24,328	INFO http_server_head.py:298 -- <ResourceRoute [GET] <PlainResource  /favicon.ico> -> <function HttpServerDashboardHead.get_favicon at 0x783658b043a0>
2026-04-14 06:31:24,328	INFO http_server_head.py:298 -- <ResourceRoute [GET] <PlainResource  /timezone> -> <function HttpServerDashboardHead.get_timezone at 0x783658b044c0>
2026-04-14 06:31:24,328	INFO http_server_head.py:298 -- <ResourceRoute [GET] <StaticResource  /static -> PosixPath('/home/ubuntu/boogie-parser/venv/lib/python3.10/site-packages/ray/dashboard/client/build/static')> -> <bound method StaticResource._handle of <StaticResource  /static -> PosixPath('/home/ubuntu/boogie-parser/venv/lib/python3.10/site-packages/ray/dashboard/client/build/static')>>
2026-04-14 06:31:24,328	INFO http_server_head.py:298 -- <ResourceRoute [GET] <PlainResource  /api/grafana_health> -> <function SubprocessRouteTable._register_route.<locals>._wrapper.<locals>.parent_side_handler at 0x78365a924940>
2026-04-14 06:31:24,328	INFO http_server_head.py:298 -- <ResourceRoute [GET] <PlainResource  /api/prometheus_health> -> <function SubprocessRouteTable._register_route.<locals>._wrapper.<locals>.parent_side_handler at 0x78365a924a60>
2026-04-14 06:31:24,328	INFO http_server_head.py:298 -- <ResourceRoute [GET] <DynamicResource  /api/data/datasets/{job_id}> -> <function SubprocessRouteTable._register_route.<locals>._wrapper.<locals>.parent_side_handler at 0x78365a924ca0>
2026-04-14 06:31:24,328	INFO http_server_head.py:298 -- <ResourceRoute [POST] <PlainResource  /report_events> -> <function SubprocessRouteTable._register_route.<locals>._wrapper.<locals>.parent_side_handler at 0x783658ecfbe0>
2026-04-14 06:31:24,328	INFO http_server_head.py:298 -- <ResourceRoute [GET] <PlainResource  /events> -> <function SubprocessRouteTable._register_route.<locals>._wrapper.<locals>.parent_side_handler at 0x783658ecfd90>
2026-04-14 06:31:24,328	INFO http_server_head.py:298 -- <ResourceRoute [GET] <PlainResource  /api/v0/cluster_events> -> <function SubprocessRouteTable._register_route.<locals>._wrapper.<locals>.parent_side_handler at 0x783658eec040>
2026-04-14 06:31:24,328	INFO http_server_head.py:298 -- <ResourceRoute [GET] <PlainResource  /api/version> -> <function SubprocessRouteTable._register_route.<locals>._wrapper.<locals>.parent_side_handler at 0x783658d3e200>
2026-04-14 06:31:24,328	INFO http_server_head.py:298 -- <ResourceRoute [GET] <DynamicResource  /api/packages/{protocol}/{package_name}> -> <function SubprocessRouteTable._register_route.<locals>._wrapper.<locals>.parent_side_handler at 0x783658d3e320>
2026-04-14 06:31:24,328	INFO http_server_head.py:298 -- <ResourceRoute [PUT] <DynamicResource  /api/packages/{protocol}/{package_name}> -> <function SubprocessRouteTable._register_route.<locals>._wrapper.<locals>.parent_side_handler at 0x783658d3e440>
2026-04-14 06:31:24,328	INFO http_server_head.py:298 -- <ResourceRoute [POST] <PlainResource  /api/jobs/> -> <function SubprocessRouteTable._register_route.<locals>._wrapper.<locals>.parent_side_handler at 0x783658d3e560>
2026-04-14 06:31:24,328	INFO http_server_head.py:298 -- <ResourceRoute [POST] <DynamicResource  /api/jobs/{job_or_submission_id}/stop> -> <function SubprocessRouteTable._register_route.<locals>._wrapper.<locals>.parent_side_handler at 0x783658d3e680>
2026-04-14 06:31:24,329	INFO http_server_head.py:298 -- <ResourceRoute [DELETE] <DynamicResource  /api/jobs/{job_or_submission_id}> -> <function SubprocessRouteTable._register_route.<locals>._wrapper.<locals>.parent_side_handler at 0x783658d3e7a0>
2026-04-14 06:31:24,329	INFO http_server_head.py:298 -- <ResourceRoute [GET] <DynamicResource  /api/jobs/{job_or_submission_id}> -> <function SubprocessRouteTable._register_route.<locals>._wrapper.<locals>.parent_side_handler at 0x783658d3e8c0>
2026-04-14 06:31:24,329	INFO http_server_head.py:298 -- <ResourceRoute [GET] <PlainResource  /api/jobs/> -> <function SubprocessRouteTable._register_route.<locals>._wrapper.<locals>.parent_side_handler at 0x783658d3e9e0>
2026-04-14 06:31:24,329	INFO http_server_head.py:298 -- <ResourceRoute [GET] <DynamicResource  /api/jobs/{job_or_submission_id}/logs> -> <function SubprocessRouteTable._register_route.<locals>._wrapper.<locals>.parent_side_handler at 0x783658d3eb00>
2026-04-14 06:31:24,329	INFO http_server_head.py:298 -- <ResourceRoute [GET] <DynamicResource  /api/jobs/{job_or_submission_id}/logs/tail> -> <function SubprocessRouteTable._register_route.<locals>._wrapper.<locals>.parent_side_handler at 0x783658d3ec20>
2026-04-14 06:31:24,329	INFO http_server_head.py:298 -- <ResourceRoute [GET] <PlainResource  /api/component_activities> -> <function SubprocessRouteTable._register_route.<locals>._wrapper.<locals>.parent_side_handler at 0x783658d3edd0>
2026-04-14 06:31:24,329	INFO http_server_head.py:298 -- <ResourceRoute [GET] <PlainResource  /nodes> -> <function SubprocessRouteTable._register_route.<locals>._wrapper.<locals>.parent_side_handler at 0x783658dd6950>
2026-04-14 06:31:24,329	INFO http_server_head.py:298 -- <ResourceRoute [GET] <DynamicResource  /nodes/{node_id}> -> <function SubprocessRouteTable._register_route.<locals>._wrapper.<locals>.parent_side_handler at 0x783658dd6b00>
2026-04-14 06:31:24,329	INFO http_server_head.py:298 -- <ResourceRoute [GET] <PlainResource  /logical/actors> -> <function SubprocessRouteTable._register_route.<locals>._wrapper.<locals>.parent_side_handler at 0x783658dd7130>
2026-04-14 06:31:24,329	INFO http_server_head.py:298 -- <ResourceRoute [GET] <DynamicResource  /logical/actors/{actor_id}> -> <function SubprocessRouteTable._register_route.<locals>._wrapper.<locals>.parent_side_handler at 0x783658dd72e0>
2026-04-14 06:31:24,329	INFO http_server_head.py:298 -- <ResourceRoute [GET] <PlainResource  /test/dump> -> <function SubprocessRouteTable._register_route.<locals>._wrapper.<locals>.parent_side_handler at 0x783658dd7490>
2026-04-14 06:31:24,329	INFO http_server_head.py:298 -- <ResourceRoute [GET] <PlainResource  /api/v0/cluster_metadata> -> <function SubprocessRouteTable._register_route.<locals>._wrapper.<locals>.parent_side_handler at 0x783658c77d90>
2026-04-14 06:31:24,329	INFO http_server_head.py:298 -- <ResourceRoute [GET] <PlainResource  /api/cluster_status> -> <function SubprocessRouteTable._register_route.<locals>._wrapper.<locals>.parent_side_handler at 0x783658c77eb0>
2026-04-14 06:31:24,329	INFO http_server_head.py:298 -- <ResourceRoute [GET] <PlainResource  /task/traceback> -> <function SubprocessRouteTable._register_route.<locals>._wrapper.<locals>.parent_side_handler at 0x783658c98160>
2026-04-14 06:31:24,329	INFO http_server_head.py:298 -- <ResourceRoute [GET] <PlainResource  /task/cpu_profile> -> <function SubprocessRouteTable._register_route.<locals>._wrapper.<locals>.parent_side_handler at 0x783658c98280>
2026-04-14 06:31:24,329	INFO http_server_head.py:298 -- <ResourceRoute [GET] <PlainResource  /worker/traceback> -> <function SubprocessRouteTable._register_route.<locals>._wrapper.<locals>.parent_side_handler at 0x783658c983a0>
2026-04-14 06:31:24,329	INFO http_server_head.py:298 -- <ResourceRoute [GET] <PlainResource  /worker/cpu_profile> -> <function SubprocessRouteTable._register_route.<locals>._wrapper.<locals>.parent_side_handler at 0x783658c984c0>
2026-04-14 06:31:24,329	INFO http_server_head.py:298 -- <ResourceRoute [GET] <PlainResource  /worker/gpu_profile> -> <function SubprocessRouteTable._register_route.<locals>._wrapper.<locals>.parent_side_handler at 0x783658c985e0>
2026-04-14 06:31:24,329	INFO http_server_head.py:298 -- <ResourceRoute [GET] <PlainResource  /memory_profile> -> <function SubprocessRouteTable._register_route.<locals>._wrapper.<locals>.parent_side_handler at 0x783658c98700>
2026-04-14 06:31:24,329	INFO http_server_head.py:298 -- <ResourceRoute [GET] <PlainResource  /api/gcs_healthz> -> <function SubprocessRouteTable._register_route.<locals>._wrapper.<locals>.parent_side_handler at 0x783658c98820>
2026-04-14 06:31:24,329	INFO http_server_head.py:298 -- <ResourceRoute [GET] <PlainResource  /api/actors/kill> -> <function SubprocessRouteTable._register_route.<locals>._wrapper.<locals>.parent_side_handler at 0x783658c98940>
2026-04-14 06:31:24,329	INFO http_server_head.py:298 -- <ResourceRoute [GET] <PlainResource  /api/prometheus/sd> -> <function SubprocessRouteTable._register_route.<locals>._wrapper.<locals>.parent_side_handler at 0x783658c98a60>
2026-04-14 06:31:24,329	INFO http_server_head.py:298 -- <ResourceRoute [GET] <PlainResource  /api/ray/version> -> <function SubprocessRouteTable._register_route.<locals>._wrapper.<locals>.parent_side_handler at 0x783658c99510>
2026-04-14 06:31:24,329	INFO http_server_head.py:298 -- <ResourceRoute [GET] <PlainResource  /api/serve/applications/> -> <function SubprocessRouteTable._register_route.<locals>._wrapper.<locals>.parent_side_handler at 0x783658c995a0>
2026-04-14 06:31:24,329	INFO http_server_head.py:298 -- <ResourceRoute [DELETE] <PlainResource  /api/serve/applications/> -> <function SubprocessRouteTable._register_route.<locals>._wrapper.<locals>.parent_side_handler at 0x783658c997e0>
2026-04-14 06:31:24,329	INFO http_server_head.py:298 -- <ResourceRoute [PUT] <PlainResource  /api/serve/applications/> -> <function SubprocessRouteTable._register_route.<locals>._wrapper.<locals>.parent_side_handler at 0x783658c99990>
2026-04-14 06:31:24,329	INFO http_server_head.py:298 -- <ResourceRoute [POST] <DynamicResource  /api/v1/applications/{application_name}/deployments/{deployment_name}/scale> -> <function SubprocessRouteTable._register_route.<locals>._wrapper.<locals>.parent_side_handler at 0x783658c99c60>
2026-04-14 06:31:24,329	INFO http_server_head.py:298 -- <ResourceRoute [GET] <PlainResource  /api/v0/actors> -> <function SubprocessRouteTable._register_route.<locals>._wrapper.<locals>.parent_side_handler at 0x783658c9a440>
2026-04-14 06:31:24,329	INFO http_server_head.py:298 -- <ResourceRoute [GET] <PlainResource  /api/v0/jobs> -> <function SubprocessRouteTable._register_route.<locals>._wrapper.<locals>.parent_side_handler at 0x783658c9a5f0>
2026-04-14 06:31:24,329	INFO http_server_head.py:298 -- <ResourceRoute [GET] <PlainResource  /api/v0/nodes> -> <function SubprocessRouteTable._register_route.<locals>._wrapper.<locals>.parent_side_handler at 0x783658c9a7a0>
2026-04-14 06:31:24,329	INFO http_server_head.py:298 -- <ResourceRoute [GET] <PlainResource  /api/v0/placement_groups> -> <function SubprocessRouteTable._register_route.<locals>._wrapper.<locals>.parent_side_handler at 0x783658c9a950>
2026-04-14 06:31:24,329	INFO http_server_head.py:298 -- <ResourceRoute [GET] <PlainResource  /api/v0/workers> -> <function SubprocessRouteTable._register_route.<locals>._wrapper.<locals>.parent_side_handler at 0x783658c9ab00>
2026-04-14 06:31:24,329	INFO http_server_head.py:298 -- <ResourceRoute [GET] <PlainResource  /api/v0/tasks> -> <function SubprocessRouteTable._register_route.<locals>._wrapper.<locals>.parent_side_handler at 0x783658c9acb0>
2026-04-14 06:31:24,329	INFO http_server_head.py:298 -- <ResourceRoute [GET] <PlainResource  /api/v0/objects> -> <function SubprocessRouteTable._register_route.<locals>._wrapper.<locals>.parent_side_handler at 0x783658c9ae60>
2026-04-14 06:31:24,329	INFO http_server_head.py:298 -- <ResourceRoute [GET] <PlainResource  /api/v0/runtime_envs> -> <function SubprocessRouteTable._register_route.<locals>._wrapper.<locals>.parent_side_handler at 0x783658c9b010>
2026-04-14 06:31:24,329	INFO http_server_head.py:298 -- <ResourceRoute [GET] <PlainResource  /api/v0/logs> -> <function SubprocessRouteTable._register_route.<locals>._wrapper.<locals>.parent_side_handler at 0x783658c9b1c0>
2026-04-14 06:31:24,329	INFO http_server_head.py:298 -- <ResourceRoute [GET] <DynamicResource  /api/v0/logs/{media_type}> -> <function SubprocessRouteTable._register_route.<locals>._wrapper.<locals>.parent_side_handler at 0x783658c9b370>
2026-04-14 06:31:24,329	INFO http_server_head.py:298 -- <ResourceRoute [GET] <PlainResource  /api/v0/tasks/summarize> -> <function SubprocessRouteTable._register_route.<locals>._wrapper.<locals>.parent_side_handler at 0x783658c9b520>
2026-04-14 06:31:24,329	INFO http_server_head.py:298 -- <ResourceRoute [GET] <PlainResource  /api/v0/actors/summarize> -> <function SubprocessRouteTable._register_route.<locals>._wrapper.<locals>.parent_side_handler at 0x783658c9b6d0>
2026-04-14 06:31:24,329	INFO http_server_head.py:298 -- <ResourceRoute [GET] <PlainResource  /api/v0/objects/summarize> -> <function SubprocessRouteTable._register_route.<locals>._wrapper.<locals>.parent_side_handler at 0x783658c9b880>
2026-04-14 06:31:24,329	INFO http_server_head.py:298 -- <ResourceRoute [GET] <PlainResource  /api/v0/tasks/timeline> -> <function SubprocessRouteTable._register_route.<locals>._wrapper.<locals>.parent_side_handler at 0x783658c9ba30>
2026-04-14 06:31:24,329	INFO http_server_head.py:298 -- <ResourceRoute [GET] <DynamicResource  /api/v0/delay/{delay_s}> -> <function SubprocessRouteTable._register_route.<locals>._wrapper.<locals>.parent_side_handler at 0x783658c9bb50>
2026-04-14 06:31:24,329	INFO http_server_head.py:298 -- <ResourceRoute [GET] <PlainResource  /api/train/v2/runs/v1> -> <function SubprocessRouteTable._register_route.<locals>._wrapper.<locals>.parent_side_handler at 0x783658cb8160>
2026-04-14 06:31:24,329	INFO http_server_head.py:298 -- <ResourceRoute [GET] <PlainResource  /api/train/v2/runs> -> <function SubprocessRouteTable._register_route.<locals>._wrapper.<locals>.parent_side_handler at 0x783658cb85e0>
2026-04-14 06:31:24,330	INFO http_server_head.py:299 -- Registered 61 routes.
2026-04-14 06:31:24,330	INFO head.py:440 -- http server initialized at 127.0.0.1:9063
2026-04-14 06:31:24,340	INFO usage_stats_head.py:200 -- Usage reporting is disabled.
2026-04-14 06:31:28,707	WARNING dashboard.py:285 -- Exiting with SIGTERM immediately...
