2026-04-14 06:31:24,806	INFO log_monitor.py:169 -- Starting log monitor with [max open files=200], [is_autoscaler_v2=False]
2026-04-14 06:31:24,808	INFO log_monitor.py:291 -- Beginning to track file raylet.err
2026-04-14 06:31:24,808	INFO log_monitor.py:291 -- Beginning to track file monitor.log
2026-04-14 06:31:24,808	INFO log_monitor.py:291 -- Beginning to track file gcs_server.err
2026-04-14 06:31:25,018	INFO log_monitor.py:291 -- Beginning to track file worker-1f9bef539d7a6af4ec2adf5c4bd5815fb70fdec2a8ad27935ef1da7a-ffffffff-2523759.out
2026-04-14 06:31:25,018	INFO log_monitor.py:291 -- Beginning to track file worker-f6bacf7c1d8788d6dc61a3f8b9cb3cd1bd05e55c16c35d0a7defbee3-ffffffff-2523774.out
2026-04-14 06:31:25,018	INFO log_monitor.py:291 -- Beginning to track file worker-2f6ff025eb2093ecbace966f4504404e1470c397628c005ad2f8168e-ffffffff-2523762.out
2026-04-14 06:31:25,018	INFO log_monitor.py:291 -- Beginning to track file worker-f6bacf7c1d8788d6dc61a3f8b9cb3cd1bd05e55c16c35d0a7defbee3-ffffffff-2523774.err
2026-04-14 06:31:25,018	INFO log_monitor.py:291 -- Beginning to track file worker-a7b1484597504061357de22a9acfce667a30270d229108e452a7357a-ffffffff-2523761.out
2026-04-14 06:31:25,018	INFO log_monitor.py:291 -- Beginning to track file worker-9437c4837479035c19a5fa2605ca1530a78815c54fa0384ca0f7bc26-ffffffff-2523767.err
2026-04-14 06:31:25,019	INFO log_monitor.py:291 -- Beginning to track file worker-4e88b0f2cd252e431622d53061c84fbb6da1f0554d12c1ba7396558f-ffffffff-2523770.out
2026-04-14 06:31:25,019	INFO log_monitor.py:291 -- Beginning to track file worker-944de33054ae652ce65187bcbd516fc363f636f45ddc2e4c8f225a5b-ffffffff-2523763.out
2026-04-14 06:31:25,019	INFO log_monitor.py:291 -- Beginning to track file worker-2f6ff025eb2093ecbace966f4504404e1470c397628c005ad2f8168e-ffffffff-2523762.err
2026-04-14 06:31:25,019	INFO log_monitor.py:291 -- Beginning to track file worker-3541b75db52f6a3eab6aa38af8e6463ba0f01c180388a5f1a2de7276-ffffffff-2523773.err
2026-04-14 06:31:25,019	INFO log_monitor.py:291 -- Beginning to track file worker-d88209f185b56cca87347600fc50bddda14d8179c850f2f63bb2ef28-ffffffff-2523760.out
2026-04-14 06:31:25,019	INFO log_monitor.py:291 -- Beginning to track file worker-322a23302c70cf34d81eccf9b31792db7b2837f9ed3f716d63efd801-ffffffff-2523758.err
2026-04-14 06:31:25,019	INFO log_monitor.py:291 -- Beginning to track file worker-d8bd0fefbf9ecb043ae310479167b40f0d3345f6f4b8cddb65628d1f-ffffffff-2523782.out
2026-04-14 06:31:25,019	INFO log_monitor.py:291 -- Beginning to track file worker-1a1b56b9e8e8d08fd928de1eca551621f662801623b619938693bc7d-ffffffff-2523775.err
2026-04-14 06:31:25,019	INFO log_monitor.py:291 -- Beginning to track file worker-1f9bef539d7a6af4ec2adf5c4bd5815fb70fdec2a8ad27935ef1da7a-ffffffff-2523759.err
2026-04-14 06:31:25,019	INFO log_monitor.py:291 -- Beginning to track file worker-d88209f185b56cca87347600fc50bddda14d8179c850f2f63bb2ef28-ffffffff-2523760.err
2026-04-14 06:31:25,019	INFO log_monitor.py:291 -- Beginning to track file worker-21eaa18212697ae5222b21311adc3b2ed2cff6e9aac9f257b6f9c7e2-ffffffff-2523766.out
2026-04-14 06:31:25,019	INFO log_monitor.py:291 -- Beginning to track file worker-b99da4fd2f647a541e83a8074b74182a5f1546aa5877d7519c835446-ffffffff-2523777.out
2026-04-14 06:31:25,019	INFO log_monitor.py:291 -- Beginning to track file worker-a7b1484597504061357de22a9acfce667a30270d229108e452a7357a-ffffffff-2523761.err
2026-04-14 06:31:25,019	INFO log_monitor.py:291 -- Beginning to track file worker-b99da4fd2f647a541e83a8074b74182a5f1546aa5877d7519c835446-ffffffff-2523777.err
2026-04-14 06:31:25,019	INFO log_monitor.py:291 -- Beginning to track file worker-2a7d6fd2dbb537e98f749dc1141e8eacea3bc8a28aa5ae9d18bd08d6-ffffffff-2523764.out
2026-04-14 06:31:25,019	INFO log_monitor.py:291 -- Beginning to track file worker-1a1b56b9e8e8d08fd928de1eca551621f662801623b619938693bc7d-ffffffff-2523775.out
2026-04-14 06:31:25,019	INFO log_monitor.py:291 -- Beginning to track file worker-3541b75db52f6a3eab6aa38af8e6463ba0f01c180388a5f1a2de7276-ffffffff-2523773.out
2026-04-14 06:31:25,019	INFO log_monitor.py:291 -- Beginning to track file worker-4e88b0f2cd252e431622d53061c84fbb6da1f0554d12c1ba7396558f-ffffffff-2523770.err
2026-04-14 06:31:25,019	INFO log_monitor.py:291 -- Beginning to track file worker-1f0b96c3d0941f8badf7df6718ec2e0ee0db9bcdc561bd60b81924df-ffffffff-2523778.out
2026-04-14 06:31:25,019	INFO log_monitor.py:291 -- Beginning to track file worker-9437c4837479035c19a5fa2605ca1530a78815c54fa0384ca0f7bc26-ffffffff-2523767.out
2026-04-14 06:31:25,020	INFO log_monitor.py:291 -- Beginning to track file worker-1f0b96c3d0941f8badf7df6718ec2e0ee0db9bcdc561bd60b81924df-ffffffff-2523778.err
2026-04-14 06:31:25,020	INFO log_monitor.py:291 -- Beginning to track file worker-21eaa18212697ae5222b21311adc3b2ed2cff6e9aac9f257b6f9c7e2-ffffffff-2523766.err
2026-04-14 06:31:25,020	INFO log_monitor.py:291 -- Beginning to track file worker-322a23302c70cf34d81eccf9b31792db7b2837f9ed3f716d63efd801-ffffffff-2523758.out
2026-04-14 06:31:25,020	INFO log_monitor.py:291 -- Beginning to track file worker-391f83e51acfcdb80332c07e9b4596e9c8da420bcb67e76a4bbcd888-ffffffff-2523765.err
2026-04-14 06:31:25,020	INFO log_monitor.py:291 -- Beginning to track file worker-3f9bfb732e02d31f897a046fb1aa48738125e223ca8b99d073b72bb0-ffffffff-2523769.out
2026-04-14 06:31:25,020	INFO log_monitor.py:291 -- Beginning to track file worker-2a7d6fd2dbb537e98f749dc1141e8eacea3bc8a28aa5ae9d18bd08d6-ffffffff-2523764.err
2026-04-14 06:31:25,020	INFO log_monitor.py:291 -- Beginning to track file worker-3f9bfb732e02d31f897a046fb1aa48738125e223ca8b99d073b72bb0-ffffffff-2523769.err
2026-04-14 06:31:25,020	INFO log_monitor.py:291 -- Beginning to track file worker-391f83e51acfcdb80332c07e9b4596e9c8da420bcb67e76a4bbcd888-ffffffff-2523765.out
2026-04-14 06:31:25,020	INFO log_monitor.py:291 -- Beginning to track file worker-944de33054ae652ce65187bcbd516fc363f636f45ddc2e4c8f225a5b-ffffffff-2523763.err
2026-04-14 06:31:25,020	INFO log_monitor.py:291 -- Beginning to track file worker-d8bd0fefbf9ecb043ae310479167b40f0d3345f6f4b8cddb65628d1f-ffffffff-2523782.err
2026-04-14 06:31:25,121	INFO log_monitor.py:291 -- Beginning to track file worker-3388c577b1fe13bc4a8a0a7506e1685cb796f9735a1ab6088bc88516-ffffffff-2523805.out
2026-04-14 06:31:25,122	INFO log_monitor.py:291 -- Beginning to track file worker-2d6ede289eed630358cb5ea5f8980084a21983047354c2d77e57ef04-ffffffff-2523819.err
2026-04-14 06:31:25,122	INFO log_monitor.py:291 -- Beginning to track file worker-129653c089b2250019803449762782ee65e3f31faa820b897708e24e-ffffffff-2523789.err
2026-04-14 06:31:25,122	INFO log_monitor.py:291 -- Beginning to track file worker-325c090253a1f7fe45e9ce54f30ec7b3fbbc41aec4021a3885e7fce1-ffffffff-2523785.out
2026-04-14 06:31:25,122	INFO log_monitor.py:291 -- Beginning to track file worker-1e490e8cf03bae0afc24bca405107f17db767e6ab985ceb0820f0397-ffffffff-2523818.out
2026-04-14 06:31:25,122	INFO log_monitor.py:291 -- Beginning to track file worker-942022ef02317bc0cc864d6790e297c185064ab50dda6129e8901b0e-ffffffff-2523804.err
2026-04-14 06:31:25,122	INFO log_monitor.py:291 -- Beginning to track file worker-da3557f77b221a3fd379cb38dc5162dad2311c612f4ecade48939768-ffffffff-2523806.out
2026-04-14 06:31:25,122	INFO log_monitor.py:291 -- Beginning to track file worker-18de442eea69a2d470eecda9c49ba9f8ce95aa6f3ddd13c681e90792-ffffffff-2523797.out
2026-04-14 06:31:25,122	INFO log_monitor.py:291 -- Beginning to track file worker-3a906faa8cfcda12717191808f22035ab39d722f99a0214a13cb3ef8-ffffffff-2523786.out
2026-04-14 06:31:25,122	INFO log_monitor.py:291 -- Beginning to track file worker-d4b68062152e403e9bd0cfa8f37bcf9e075d45475ccb506d5ea4a04a-ffffffff-2523815.err
2026-04-14 06:31:25,122	INFO log_monitor.py:291 -- Beginning to track file worker-31b09dd803107a1a7996304f727a11c8bc7c0a693eb6d685f8be82df-ffffffff-2523808.out
2026-04-14 06:31:25,122	INFO log_monitor.py:291 -- Beginning to track file worker-05464338da72307fbb7fdd0307250aafad43cbaf89b97636ae80acce-ffffffff-2523803.out
2026-04-14 06:31:25,122	INFO log_monitor.py:291 -- Beginning to track file worker-f765e7bd2972d066da272738241c7cb824ef3f9827f0794b2900c818-ffffffff-2523779.out
2026-04-14 06:31:25,122	INFO log_monitor.py:291 -- Beginning to track file worker-b0ee4e09c0e54d2b410f8f2f144409ec4031f25375415bf34ca8d573-ffffffff-2523821.err
2026-04-14 06:31:25,122	INFO log_monitor.py:291 -- Beginning to track file worker-755c7c2ad98b87e9bb3caa948cf47b3dd338a0ab70f9b5bd61bd27ea-ffffffff-2523807.err
2026-04-14 06:31:25,122	INFO log_monitor.py:291 -- Beginning to track file worker-6daecc703070fbc8c91032a4b40f76c4fc00522e6382b451d1af05ef-ffffffff-2523817.err
2026-04-14 06:31:25,122	INFO log_monitor.py:291 -- Beginning to track file worker-d4b68062152e403e9bd0cfa8f37bcf9e075d45475ccb506d5ea4a04a-ffffffff-2523815.out
2026-04-14 06:31:25,122	INFO log_monitor.py:291 -- Beginning to track file worker-2d6ede289eed630358cb5ea5f8980084a21983047354c2d77e57ef04-ffffffff-2523819.out
2026-04-14 06:31:25,122	INFO log_monitor.py:291 -- Beginning to track file worker-31b09dd803107a1a7996304f727a11c8bc7c0a693eb6d685f8be82df-ffffffff-2523808.err
2026-04-14 06:31:25,122	INFO log_monitor.py:291 -- Beginning to track file worker-15d97ccbdaed7873d3cd1c21da42024b0f29a6c67b357330fdeaee28-ffffffff-2523813.err
2026-04-14 06:31:25,122	INFO log_monitor.py:291 -- Beginning to track file worker-388e665fb62385a5963bd4cc4bd42d8ebc3e65628166264b514f0d24-ffffffff-2523792.out
2026-04-14 06:31:25,122	INFO log_monitor.py:291 -- Beginning to track file worker-c427ac9ecb5a3bd4ce35c7f67baf8e3de99b00ccb1097e3a4673dd1e-ffffffff-2523776.out
2026-04-14 06:31:25,122	INFO log_monitor.py:291 -- Beginning to track file worker-c427ac9ecb5a3bd4ce35c7f67baf8e3de99b00ccb1097e3a4673dd1e-ffffffff-2523776.err
2026-04-14 06:31:25,122	INFO log_monitor.py:291 -- Beginning to track file worker-3997e1d70aee81c9cc5ee7dc64403c0d7f2b0d3cb0d1553b8068766d-ffffffff-2523787.out
2026-04-14 06:31:25,122	INFO log_monitor.py:291 -- Beginning to track file worker-9e0548c8bee20c1eaef60c5075dace684bdff7647c0203d5397a59ee-ffffffff-2523811.err
2026-04-14 06:31:25,122	INFO log_monitor.py:291 -- Beginning to track file worker-47002921d9faa2c0c711c65927849a4daa81962555a1ef812593b77a-ffffffff-2523810.err
2026-04-14 06:31:25,122	INFO log_monitor.py:291 -- Beginning to track file worker-70437276ac151816be4d90920b73edb6e7c2321f708a0496e666b40e-ffffffff-2523795.err
2026-04-14 06:31:25,122	INFO log_monitor.py:291 -- Beginning to track file worker-0425919f844f0021edc93441cc39b0d7904422f659f46c462fb1b70e-ffffffff-2523798.err
2026-04-14 06:31:25,122	INFO log_monitor.py:291 -- Beginning to track file worker-b0ee4e09c0e54d2b410f8f2f144409ec4031f25375415bf34ca8d573-ffffffff-2523821.out
2026-04-14 06:31:25,122	INFO log_monitor.py:291 -- Beginning to track file worker-c38be53d1dbfa604c97f4ae426c4637a2df1df483ad9f471efee8028-ffffffff-2523800.out
2026-04-14 06:31:25,122	INFO log_monitor.py:291 -- Beginning to track file worker-6daecc703070fbc8c91032a4b40f76c4fc00522e6382b451d1af05ef-ffffffff-2523817.out
2026-04-14 06:31:25,122	INFO log_monitor.py:291 -- Beginning to track file worker-6b6dc40be5cc1b74d1c7aefd307b31581abc2e51efbe5c3ee06945e0-ffffffff-2523783.err
2026-04-14 06:31:25,122	INFO log_monitor.py:291 -- Beginning to track file worker-15d97ccbdaed7873d3cd1c21da42024b0f29a6c67b357330fdeaee28-ffffffff-2523813.out
2026-04-14 06:31:25,122	INFO log_monitor.py:291 -- Beginning to track file worker-0023187bb753e85e51c965ca149d2913ea535bf39c1bac812f90b237-ffffffff-2523781.err
2026-04-14 06:31:25,122	INFO log_monitor.py:291 -- Beginning to track file worker-1e490e8cf03bae0afc24bca405107f17db767e6ab985ceb0820f0397-ffffffff-2523818.err
2026-04-14 06:31:25,123	INFO log_monitor.py:291 -- Beginning to track file worker-3a906faa8cfcda12717191808f22035ab39d722f99a0214a13cb3ef8-ffffffff-2523786.err
2026-04-14 06:31:25,123	INFO log_monitor.py:291 -- Beginning to track file worker-edb1d05331789f0bd919064cc13bd79bc017b63aa5061d5771d73979-ffffffff-2523784.err
2026-04-14 06:31:25,123	INFO log_monitor.py:291 -- Beginning to track file worker-b03d9f88140e8ad816db81cd85b42174818e8c2ed41461d624fa8e5e-ffffffff-2523788.out
2026-04-14 06:31:25,123	INFO log_monitor.py:291 -- Beginning to track file worker-f765e7bd2972d066da272738241c7cb824ef3f9827f0794b2900c818-ffffffff-2523779.err
2026-04-14 06:31:25,123	INFO log_monitor.py:291 -- Beginning to track file worker-20450b333e4d8643ccb7a202ce29e90033d5641aae75ed14fa2017f6-ffffffff-2523793.out
2026-04-14 06:31:25,123	INFO log_monitor.py:291 -- Beginning to track file worker-da3557f77b221a3fd379cb38dc5162dad2311c612f4ecade48939768-ffffffff-2523806.err
2026-04-14 06:31:25,123	INFO log_monitor.py:291 -- Beginning to track file worker-70437276ac151816be4d90920b73edb6e7c2321f708a0496e666b40e-ffffffff-2523795.out
2026-04-14 06:31:25,123	INFO log_monitor.py:291 -- Beginning to track file worker-ec1c1d9392d7e01b67cd8a0f842af7b13220722d8db8470eccd258e4-ffffffff-2523791.out
2026-04-14 06:31:25,123	INFO log_monitor.py:291 -- Beginning to track file worker-3997e1d70aee81c9cc5ee7dc64403c0d7f2b0d3cb0d1553b8068766d-ffffffff-2523787.err
2026-04-14 06:31:25,123	INFO log_monitor.py:291 -- Beginning to track file worker-6b6dc40be5cc1b74d1c7aefd307b31581abc2e51efbe5c3ee06945e0-ffffffff-2523783.out
2026-04-14 06:31:25,123	INFO log_monitor.py:291 -- Beginning to track file worker-c5a75c7c7d8381334bd76d5d403f4dae0ebb874b6f9c64da8eb3d0a0-ffffffff-2523814.out
2026-04-14 06:31:25,123	INFO log_monitor.py:291 -- Beginning to track file worker-b03d9f88140e8ad816db81cd85b42174818e8c2ed41461d624fa8e5e-ffffffff-2523788.err
2026-04-14 06:31:25,123	INFO log_monitor.py:291 -- Beginning to track file worker-dc97225ef0765914582fc1c90ed3afbff47ad38c75b379a0098a097f-ffffffff-2523768.out
2026-04-14 06:31:25,123	INFO log_monitor.py:291 -- Beginning to track file worker-ec1c1d9392d7e01b67cd8a0f842af7b13220722d8db8470eccd258e4-ffffffff-2523791.err
2026-04-14 06:31:25,123	INFO log_monitor.py:291 -- Beginning to track file worker-eb6a78a65df9987ed9c0f0a170e9d987f05b98725569f07f7a906eaf-ffffffff-2523799.out
2026-04-14 06:31:25,123	INFO log_monitor.py:291 -- Beginning to track file worker-c38be53d1dbfa604c97f4ae426c4637a2df1df483ad9f471efee8028-ffffffff-2523800.err
2026-04-14 06:31:25,123	INFO log_monitor.py:291 -- Beginning to track file worker-3388c577b1fe13bc4a8a0a7506e1685cb796f9735a1ab6088bc88516-ffffffff-2523805.err
2026-04-14 06:31:25,123	INFO log_monitor.py:291 -- Beginning to track file worker-0023187bb753e85e51c965ca149d2913ea535bf39c1bac812f90b237-ffffffff-2523781.out
2026-04-14 06:31:25,123	INFO log_monitor.py:291 -- Beginning to track file worker-878f3ca79c58e2bcb2285a201591f118536be37b0a4df6d004f30195-ffffffff-2523796.out
2026-04-14 06:31:25,123	INFO log_monitor.py:291 -- Beginning to track file worker-878f3ca79c58e2bcb2285a201591f118536be37b0a4df6d004f30195-ffffffff-2523796.err
2026-04-14 06:31:25,123	INFO log_monitor.py:291 -- Beginning to track file worker-500a32dc4fd3e4d0d8176a1244a041d6cfbf2faf0ab2ae2d010a2e90-ffffffff-2523802.err
2026-04-14 06:31:25,123	INFO log_monitor.py:291 -- Beginning to track file worker-05464338da72307fbb7fdd0307250aafad43cbaf89b97636ae80acce-ffffffff-2523803.err
2026-04-14 06:31:25,123	INFO log_monitor.py:291 -- Beginning to track file worker-18de442eea69a2d470eecda9c49ba9f8ce95aa6f3ddd13c681e90792-ffffffff-2523797.err
2026-04-14 06:31:25,123	INFO log_monitor.py:291 -- Beginning to track file worker-f9f3077896cbae374a552acb56e7aa69e1019ab1e65bfec4041380d9-ffffffff-2523812.err
2026-04-14 06:31:25,123	INFO log_monitor.py:291 -- Beginning to track file worker-755c7c2ad98b87e9bb3caa948cf47b3dd338a0ab70f9b5bd61bd27ea-ffffffff-2523807.out
2026-04-14 06:31:25,123	INFO log_monitor.py:291 -- Beginning to track file worker-47002921d9faa2c0c711c65927849a4daa81962555a1ef812593b77a-ffffffff-2523810.out
2026-04-14 06:31:25,123	INFO log_monitor.py:291 -- Beginning to track file worker-129653c089b2250019803449762782ee65e3f31faa820b897708e24e-ffffffff-2523789.out
2026-04-14 06:31:25,123	INFO log_monitor.py:291 -- Beginning to track file worker-388e665fb62385a5963bd4cc4bd42d8ebc3e65628166264b514f0d24-ffffffff-2523792.err
2026-04-14 06:31:25,123	INFO log_monitor.py:291 -- Beginning to track file worker-942022ef02317bc0cc864d6790e297c185064ab50dda6129e8901b0e-ffffffff-2523804.out
2026-04-14 06:31:25,123	INFO log_monitor.py:291 -- Beginning to track file worker-8add7f8dd3437957af6c1d35a9160d7ae231205ee26b2a0c6e77cb08-ffffffff-2523801.err
2026-04-14 06:31:25,123	INFO log_monitor.py:291 -- Beginning to track file worker-0425919f844f0021edc93441cc39b0d7904422f659f46c462fb1b70e-ffffffff-2523798.out
2026-04-14 06:31:25,123	INFO log_monitor.py:291 -- Beginning to track file worker-9e0548c8bee20c1eaef60c5075dace684bdff7647c0203d5397a59ee-ffffffff-2523811.out
2026-04-14 06:31:25,123	INFO log_monitor.py:291 -- Beginning to track file worker-dc97225ef0765914582fc1c90ed3afbff47ad38c75b379a0098a097f-ffffffff-2523768.err
2026-04-14 06:31:25,123	INFO log_monitor.py:291 -- Beginning to track file worker-20450b333e4d8643ccb7a202ce29e90033d5641aae75ed14fa2017f6-ffffffff-2523793.err
2026-04-14 06:31:25,124	INFO log_monitor.py:291 -- Beginning to track file worker-37ddc6262a1777e640f37eb41427527c8d97a061d9625eb62624b715-ffffffff-2523790.out
2026-04-14 06:31:25,124	INFO log_monitor.py:291 -- Beginning to track file worker-eb6a78a65df9987ed9c0f0a170e9d987f05b98725569f07f7a906eaf-ffffffff-2523799.err
2026-04-14 06:31:25,124	INFO log_monitor.py:291 -- Beginning to track file worker-edb1d05331789f0bd919064cc13bd79bc017b63aa5061d5771d73979-ffffffff-2523784.out
2026-04-14 06:31:25,124	INFO log_monitor.py:291 -- Beginning to track file worker-8add7f8dd3437957af6c1d35a9160d7ae231205ee26b2a0c6e77cb08-ffffffff-2523801.out
2026-04-14 06:31:25,124	INFO log_monitor.py:291 -- Beginning to track file worker-500a32dc4fd3e4d0d8176a1244a041d6cfbf2faf0ab2ae2d010a2e90-ffffffff-2523802.out
2026-04-14 06:31:25,124	INFO log_monitor.py:291 -- Beginning to track file worker-325c090253a1f7fe45e9ce54f30ec7b3fbbc41aec4021a3885e7fce1-ffffffff-2523785.err
2026-04-14 06:31:25,124	INFO log_monitor.py:291 -- Beginning to track file worker-f9f3077896cbae374a552acb56e7aa69e1019ab1e65bfec4041380d9-ffffffff-2523812.out
2026-04-14 06:31:25,124	INFO log_monitor.py:291 -- Beginning to track file worker-37ddc6262a1777e640f37eb41427527c8d97a061d9625eb62624b715-ffffffff-2523790.err
2026-04-14 06:31:25,124	INFO log_monitor.py:291 -- Beginning to track file worker-c5a75c7c7d8381334bd76d5d403f4dae0ebb874b6f9c64da8eb3d0a0-ffffffff-2523814.err
2026-04-14 06:31:25,226	INFO log_monitor.py:291 -- Beginning to track file worker-7671c2d159b51fae8042f6a939b0b678c2f662916bbba6fce5828310-ffffffff-2523824.err
2026-04-14 06:31:25,226	INFO log_monitor.py:291 -- Beginning to track file worker-7671c2d159b51fae8042f6a939b0b678c2f662916bbba6fce5828310-ffffffff-2523824.out
2026-04-14 06:31:25,226	INFO log_monitor.py:291 -- Beginning to track file worker-c00c40a8bbb933030d9a038daf1d686b538fa1d5f97fd927f651390d-ffffffff-2523794.out
2026-04-14 06:31:25,226	INFO log_monitor.py:291 -- Beginning to track file worker-e77060ce9686723873d3d0cd5bce68bb64e3216ba94e33c3dc5b15ac-ffffffff-2523809.out
2026-04-14 06:31:25,227	INFO log_monitor.py:291 -- Beginning to track file worker-7df5396e77bc9959fde524fa59c73a9594437df650d11325220ee910-ffffffff-2523780.out
2026-04-14 06:31:25,227	INFO log_monitor.py:291 -- Beginning to track file worker-32f97b29153e5604aba58027517bf7a60928957721883613119bc11a-ffffffff-2523771.out
2026-04-14 06:31:25,227	INFO log_monitor.py:291 -- Beginning to track file worker-8e8721525a7f3c0e5289b2f4c6fd9a9b031ba5678fb4bdba7f09e0e4-ffffffff-2523816.out
2026-04-14 06:31:25,227	INFO log_monitor.py:291 -- Beginning to track file worker-7df5396e77bc9959fde524fa59c73a9594437df650d11325220ee910-ffffffff-2523780.err
2026-04-14 06:31:25,227	INFO log_monitor.py:291 -- Beginning to track file worker-c00c40a8bbb933030d9a038daf1d686b538fa1d5f97fd927f651390d-ffffffff-2523794.err
2026-04-14 06:31:25,227	INFO log_monitor.py:291 -- Beginning to track file worker-e77060ce9686723873d3d0cd5bce68bb64e3216ba94e33c3dc5b15ac-ffffffff-2523809.err
2026-04-14 06:31:25,227	INFO log_monitor.py:291 -- Beginning to track file worker-32f97b29153e5604aba58027517bf7a60928957721883613119bc11a-ffffffff-2523771.err
2026-04-14 06:31:25,227	INFO log_monitor.py:291 -- Beginning to track file worker-8e8721525a7f3c0e5289b2f4c6fd9a9b031ba5678fb4bdba7f09e0e4-ffffffff-2523816.err
2026-04-14 06:31:25,328	INFO log_monitor.py:291 -- Beginning to track file worker-79a4e15f36b0192ecb1c623861685420fe41fb1cbe2bc2aca802d191-ffffffff-2523772.err
2026-04-14 06:31:25,329	INFO log_monitor.py:291 -- Beginning to track file worker-79a4e15f36b0192ecb1c623861685420fe41fb1cbe2bc2aca802d191-ffffffff-2523772.out
