[2026-04-14 06:31:25,203 I 2523824 2523824] core_worker_process.cc:770: Constructing CoreWorkerProcess. pid: 2523824
[2026-04-14 06:31:25,205 I 2523824 2523824] io_service_pool.cc:37: IOServicePool is running with 1 io_service.
[2026-04-14 06:31:25,205 I 2523824 2523824] event.cc:499: Ray Event initialized for CORE_WORKER
[2026-04-14 06:31:25,205 I 2523824 2523824] event.cc:499: Ray Event initialized for EXPORT_TASK
[2026-04-14 06:31:25,205 I 2523824 2523824] event.cc:332: Set ray event level to warning
[2026-04-14 06:31:25,205 I 2523824 2523824] event_aggregator_client.h:50: Initiating the local event aggregator client with port: 43731
[2026-04-14 06:31:25,206 I 2523824 2523824] grpc_server.cc:142: worker server started, listening on port 46829.
[2026-04-14 06:31:25,211 I 2523824 2523824] core_worker_process.cc:261: Initializing worker at address: 172.31.1.230:46829 worker_id=7671c2d159b51fae8042f6a939b0b678c2f662916bbba6fce5828310 node_id=bce5d801e889c88ab5f2006d175a861558f1b9a01f75fbf4ee022b17
[2026-04-14 06:31:25,211 I 2523824 2523824] task_event_buffer.cc:480: Reporting task events to GCS every 1000ms.
[2026-04-14 06:31:25,212 I 2523824 2523824] core_worker.cc:517: Adjusted worker niceness to 15
[2026-04-14 06:31:25,212 I 2523824 2523824] metrics_agent_client.cc:42: Initializing exporter ...
[2026-04-14 06:31:25,212 I 2523824 2527575] core_worker.cc:457: Event stats:


Global stats: 12 total (10 active)
Queueing time: mean = 0.02ms, max = 0.26ms, min = 0.01ms, total = 0.27ms
Execution time:  mean = 0.00ms, total = 0.03ms
Event stats:
	PeriodicalRunner.RunFnPeriodically - 7 total (5 active, 1 running), Execution time: mean = 0.00ms, total = 0.03ms, Queueing time: mean = 0.04ms, max = 0.26ms, min = 0.01ms, total = 0.27ms
	ray::rpc::InternalPubSubGcsService.grpc_client.GcsSubscriberCommandBatch - 1 total (1 active), Execution time: mean = 0.00ms, total = 0.00ms, Queueing time: mean = 0.00ms, max = -0.00ms, min = 9223372036854.78ms, total = 0.00ms
	ray::rpc::InternalPubSubGcsService.grpc_client.GcsSubscriberPoll - 1 total (1 active), Execution time: mean = 0.00ms, total = 0.00ms, Queueing time: mean = 0.00ms, max = -0.00ms, min = 9223372036854.78ms, total = 0.00ms
	Publisher.CheckDeadSubscribers - 1 total (1 active), Execution time: mean = 0.00ms, total = 0.00ms, Queueing time: mean = 0.00ms, max = -0.00ms, min = 9223372036854.78ms, total = 0.00ms
	CoreWorker.ExitIfParentRayletDies - 1 total (1 active), Execution time: mean = 0.00ms, total = 0.00ms, Queueing time: mean = 0.00ms, max = -0.00ms, min = 9223372036854.78ms, total = 0.00ms
	ray::rpc::WorkerInfoGcsService.grpc_client.AddWorkerInfo - 1 total (1 active), Execution time: mean = 0.00ms, total = 0.00ms, Queueing time: mean = 0.00ms, max = -0.00ms, min = 9223372036854.78ms, total = 0.00ms

-----------------
Task execution event stats:

Global stats: 0 total (0 active)
Queueing time: mean = -nanms, max = -0.00ms, min = 9223372036854.78ms, total = 0.00ms
Execution time:  mean = -nanms, total = 0.00ms
Event stats:

-----------------
Task Event stats:

IO Service Stats:

Global stats: 3 total (2 active)
Queueing time: mean = 0.04ms, max = 0.13ms, min = 0.13ms, total = 0.13ms
Execution time:  mean = 0.04ms, total = 0.13ms
Event stats:
	PeriodicalRunner.RunFnPeriodically - 1 total (0 active), Execution time: mean = 0.13ms, total = 0.13ms, Queueing time: mean = 0.13ms, max = 0.13ms, min = 0.13ms, total = 0.13ms
	ray::rpc::TaskInfoGcsService.grpc_client.AddTaskEventData - 1 total (1 active), Execution time: mean = 0.00ms, total = 0.00ms, Queueing time: mean = 0.00ms, max = -0.00ms, min = 9223372036854.78ms, total = 0.00ms
	CoreWorker.deadline_timer.flush_task_events - 1 total (1 active), Execution time: mean = 0.00ms, total = 0.00ms, Queueing time: mean = 0.00ms, max = -0.00ms, min = 9223372036854.78ms, total = 0.00ms
Other Stats:
	gcs_grpc_in_progress:1
	event_aggregator_grpc_in_progress:0
	current number of task status events in buffer: 0
	current number of profile events in buffer: 0
	current number of dropped task attempts tracked: 0
	total task events sent: 0 MiB
	total number of task attempts sent: 0
	total number of task attempts dropped reported: 0
	total number of sent failure: 0
	num status task events dropped: 0
	num profile task events dropped: 0
	num ray task events reported to aggregator: 0
	num ray task events failed to report to aggregator: 0
	num of task attempts dropped reported to aggregator: 0
	num of failed requests to aggregator: 0

[2026-04-14 06:31:25,213 I 2523824 2527575] accessor.cc:847: Received address and liveness notification for node, IsAlive = 1 node_id=bce5d801e889c88ab5f2006d175a861558f1b9a01f75fbf4ee022b17
[2026-04-14 06:31:25,213 I 2523824 2527575] normal_task_submitter.cc:818: Number of alive nodes:1
[2026-04-14 06:31:25,292 I 2523824 2527575] metrics_agent_client.cc:54: Exporter initialized.
[2026-04-14 06:31:27,230 I 2523824 2527575] accessor.cc:847: Received address and liveness notification for node, IsAlive = 0 node_id=bce5d801e889c88ab5f2006d175a861558f1b9a01f75fbf4ee022b17
[2026-04-14 06:31:27,230 I 2523824 2527575] core_worker.cc:742: Node failure. All objects pinned on that node will be lost if object reconstruction is not enabled. node_id=bce5d801e889c88ab5f2006d175a861558f1b9a01f75fbf4ee022b17
