[2026-04-14 06:31:25,008 I 2523782 2523782] core_worker_process.cc:770: Constructing CoreWorkerProcess. pid: 2523782
[2026-04-14 06:31:25,009 I 2523782 2523782] io_service_pool.cc:37: IOServicePool is running with 1 io_service.
[2026-04-14 06:31:25,010 I 2523782 2523782] event.cc:499: Ray Event initialized for CORE_WORKER
[2026-04-14 06:31:25,010 I 2523782 2523782] event.cc:499: Ray Event initialized for EXPORT_TASK
[2026-04-14 06:31:25,010 I 2523782 2523782] event.cc:332: Set ray event level to warning
[2026-04-14 06:31:25,010 I 2523782 2523782] event_aggregator_client.h:50: Initiating the local event aggregator client with port: 43731
[2026-04-14 06:31:25,012 I 2523782 2523782] grpc_server.cc:142: worker server started, listening on port 36329.
[2026-04-14 06:31:25,019 I 2523782 2523782] core_worker_process.cc:261: Initializing worker at address: 172.31.1.230:36329 worker_id=d8bd0fefbf9ecb043ae310479167b40f0d3345f6f4b8cddb65628d1f node_id=bce5d801e889c88ab5f2006d175a861558f1b9a01f75fbf4ee022b17
[2026-04-14 06:31:25,019 I 2523782 2523782] task_event_buffer.cc:480: Reporting task events to GCS every 1000ms.
[2026-04-14 06:31:25,021 I 2523782 2523782] core_worker.cc:517: Adjusted worker niceness to 15
[2026-04-14 06:31:25,021 I 2523782 2523782] metrics_agent_client.cc:42: Initializing exporter ...
[2026-04-14 06:31:25,021 I 2523782 2525010] core_worker.cc:457: Event stats:


Global stats: 12 total (10 active)
Queueing time: mean = 0.00ms, max = 0.02ms, min = 0.01ms, total = 0.03ms
Execution time:  mean = 0.00ms, total = 0.03ms
Event stats:
	PeriodicalRunner.RunFnPeriodically - 7 total (5 active, 1 running), Execution time: mean = 0.00ms, total = 0.03ms, Queueing time: mean = 0.00ms, max = 0.02ms, min = 0.01ms, total = 0.03ms
	ray::rpc::InternalPubSubGcsService.grpc_client.GcsSubscriberPoll - 1 total (1 active), Execution time: mean = 0.00ms, total = 0.00ms, Queueing time: mean = 0.00ms, max = -0.00ms, min = 9223372036854.78ms, total = 0.00ms
	ray::rpc::InternalPubSubGcsService.grpc_client.GcsSubscriberCommandBatch - 1 total (1 active), Execution time: mean = 0.00ms, total = 0.00ms, Queueing time: mean = 0.00ms, max = -0.00ms, min = 9223372036854.78ms, total = 0.00ms
	CoreWorker.ExitIfParentRayletDies - 1 total (1 active), Execution time: mean = 0.00ms, total = 0.00ms, Queueing time: mean = 0.00ms, max = -0.00ms, min = 9223372036854.78ms, total = 0.00ms
	ray::rpc::WorkerInfoGcsService.grpc_client.AddWorkerInfo - 1 total (1 active), Execution time: mean = 0.00ms, total = 0.00ms, Queueing time: mean = 0.00ms, max = -0.00ms, min = 9223372036854.78ms, total = 0.00ms
	Publisher.CheckDeadSubscribers - 1 total (1 active), Execution time: mean = 0.00ms, total = 0.00ms, Queueing time: mean = 0.00ms, max = -0.00ms, min = 9223372036854.78ms, total = 0.00ms

-----------------
Task execution event stats:

Global stats: 0 total (0 active)
Queueing time: mean = -nanms, max = -0.00ms, min = 9223372036854.78ms, total = 0.00ms
Execution time:  mean = -nanms, total = 0.00ms
Event stats:

-----------------
Task Event stats:

IO Service Stats:

Global stats: 4 total (1 active)
Queueing time: mean = 0.07ms, max = 0.21ms, min = 0.06ms, total = 0.27ms
Execution time:  mean = 0.17ms, total = 0.66ms
Event stats:
	PeriodicalRunner.RunFnPeriodically - 1 total (0 active), Execution time: mean = 0.16ms, total = 0.16ms, Queueing time: mean = 0.06ms, max = 0.06ms, min = 0.06ms, total = 0.06ms
	ray::rpc::TaskInfoGcsService.grpc_client.AddTaskEventData - 1 total (0 active), Execution time: mean = 0.48ms, total = 0.48ms, Queueing time: mean = 0.00ms, max = -0.00ms, min = 9223372036854.78ms, total = 0.00ms
	ray::rpc::TaskInfoGcsService.grpc_client.AddTaskEventData.OnReplyReceived - 1 total (0 active), Execution time: mean = 0.02ms, total = 0.02ms, Queueing time: mean = 0.21ms, max = 0.21ms, min = 0.21ms, total = 0.21ms
	CoreWorker.deadline_timer.flush_task_events - 1 total (1 active), Execution time: mean = 0.00ms, total = 0.00ms, Queueing time: mean = 0.00ms, max = -0.00ms, min = 9223372036854.78ms, total = 0.00ms
Other Stats:
	gcs_grpc_in_progress:0
	event_aggregator_grpc_in_progress:0
	current number of task status events in buffer: 0
	current number of profile events in buffer: 0
	current number of dropped task attempts tracked: 0
	total task events sent: 0 MiB
	total number of task attempts sent: 0
	total number of task attempts dropped reported: 0
	total number of sent failure: 0
	num status task events dropped: 0
	num profile task events dropped: 0
	num ray task events reported to aggregator: 0
	num ray task events failed to report to aggregator: 0
	num of task attempts dropped reported to aggregator: 0
	num of failed requests to aggregator: 0

[2026-04-14 06:31:25,022 I 2523782 2525010] accessor.cc:847: Received address and liveness notification for node, IsAlive = 1 node_id=bce5d801e889c88ab5f2006d175a861558f1b9a01f75fbf4ee022b17
[2026-04-14 06:31:25,022 I 2523782 2525010] normal_task_submitter.cc:818: Number of alive nodes:1
[2026-04-14 06:31:27,022 I 2523782 2525010] metrics_agent_client.cc:54: Exporter initialized.
[2026-04-14 06:31:27,230 I 2523782 2525010] accessor.cc:847: Received address and liveness notification for node, IsAlive = 0 node_id=bce5d801e889c88ab5f2006d175a861558f1b9a01f75fbf4ee022b17
[2026-04-14 06:31:27,230 I 2523782 2525010] core_worker.cc:742: Node failure. All objects pinned on that node will be lost if object reconstruction is not enabled. node_id=bce5d801e889c88ab5f2006d175a861558f1b9a01f75fbf4ee022b17
