2026-04-14 06:32:39,075	INFO utils.py:305 -- Get all modules by type: DashboardHeadModule
2026-04-14 06:32:39,396	INFO utils.py:338 -- Available modules: [<class 'ray.dashboard.modules.usage_stats.usage_stats_head.UsageStatsHead'>]
2026-04-14 06:32:39,396	INFO head.py:235 -- DashboardHeadModules to load: None.
2026-04-14 06:32:39,396	INFO head.py:238 -- Loading DashboardHeadModule: <class 'ray.dashboard.modules.usage_stats.usage_stats_head.UsageStatsHead'>.
2026-04-14 06:32:39,396	INFO head.py:242 -- Loaded 1 dashboard head modules: [<ray.dashboard.modules.usage_stats.usage_stats_head.UsageStatsHead object at 0x73bc56d47e80>].
2026-04-14 06:32:39,396	INFO utils.py:305 -- Get all modules by type: SubprocessModule
2026-04-14 06:32:39,398	INFO utils.py:338 -- Available modules: [<class 'ray.dashboard.modules.metrics.metrics_head.MetricsHead'>, <class 'ray.dashboard.modules.data.data_head.DataHead'>, <class 'ray.dashboard.modules.event.event_head.EventHead'>, <class 'ray.dashboard.modules.job.job_head.JobHead'>, <class 'ray.dashboard.modules.node.node_head.NodeHead'>, <class 'ray.dashboard.modules.reporter.reporter_head.ReportHead'>, <class 'ray.dashboard.modules.serve.serve_head.ServeHead'>, <class 'ray.dashboard.modules.state.state_head.StateHead'>, <class 'ray.dashboard.modules.train.train_head.TrainHead'>]
2026-04-14 06:32:39,398	INFO head.py:292 -- Loading SubprocessModule: <class 'ray.dashboard.modules.metrics.metrics_head.MetricsHead'>.
2026-04-14 06:32:39,398	INFO head.py:292 -- Loading SubprocessModule: <class 'ray.dashboard.modules.data.data_head.DataHead'>.
2026-04-14 06:32:39,398	INFO head.py:292 -- Loading SubprocessModule: <class 'ray.dashboard.modules.event.event_head.EventHead'>.
2026-04-14 06:32:39,398	INFO head.py:292 -- Loading SubprocessModule: <class 'ray.dashboard.modules.job.job_head.JobHead'>.
2026-04-14 06:32:39,398	INFO head.py:292 -- Loading SubprocessModule: <class 'ray.dashboard.modules.node.node_head.NodeHead'>.
2026-04-14 06:32:39,398	INFO head.py:292 -- Loading SubprocessModule: <class 'ray.dashboard.modules.reporter.reporter_head.ReportHead'>.
2026-04-14 06:32:39,398	INFO head.py:292 -- Loading SubprocessModule: <class 'ray.dashboard.modules.serve.serve_head.ServeHead'>.
2026-04-14 06:32:39,398	INFO head.py:292 -- Loading SubprocessModule: <class 'ray.dashboard.modules.state.state_head.StateHead'>.
2026-04-14 06:32:39,398	INFO head.py:292 -- Loading SubprocessModule: <class 'ray.dashboard.modules.train.train_head.TrainHead'>.
2026-04-14 06:32:39,398	INFO head.py:296 -- Loaded 9 subprocess modules: [<ray.dashboard.subprocesses.handle.SubprocessModuleHandle object at 0x73bc3f24c8b0>, <ray.dashboard.subprocesses.handle.SubprocessModuleHandle object at 0x73bc3f1999f0>, <ray.dashboard.subprocesses.handle.SubprocessModuleHandle object at 0x73bc3f198d30>, <ray.dashboard.subprocesses.handle.SubprocessModuleHandle object at 0x73bc48fd1030>, <ray.dashboard.subprocesses.handle.SubprocessModuleHandle object at 0x73bc3f1c0d90>, <ray.dashboard.subprocesses.handle.SubprocessModuleHandle object at 0x73bc3f1c0640>, <ray.dashboard.subprocesses.handle.SubprocessModuleHandle object at 0x73bc3f1c0df0>, <ray.dashboard.subprocesses.handle.SubprocessModuleHandle object at 0x73bc3f1c0dc0>, <ray.dashboard.subprocesses.handle.SubprocessModuleHandle object at 0x73bc3f1c0610>].
2026-04-14 06:32:40,020	INFO head.py:311 -- Starting dashboard metrics server on port 44227
2026-04-14 06:32:40,024	INFO head.py:435 -- Initialize the http server.
2026-04-14 06:32:40,025	INFO http_server_head.py:103 -- Setup static dir for dashboard: /home/ubuntu/boogie-parser/venv/lib/python3.10/site-packages/ray/dashboard/client/build
2026-04-14 06:32:40,028	WARNING __init__.py:161 -- DeprecationWarning: `ray.ray_constants.DASHBOARD_CLIENT_MAX_SIZE` is a private attribute and access will be removed in a future Ray version.
2026-04-14 06:32:40,045	INFO http_server_head.py:291 -- Dashboard head http address: 127.0.0.1:9063
2026-04-14 06:32:40,045	INFO http_server_head.py:298 -- <ResourceRoute [GET] <PlainResource  /usage_stats_enabled> -> <function UsageStatsHead.get_usage_stats_enabled at 0x73bc3f1bcdc0>
2026-04-14 06:32:40,046	INFO http_server_head.py:298 -- <ResourceRoute [GET] <PlainResource  /cluster_id> -> <function UsageStatsHead.get_cluster_id at 0x73bc3f1bcee0>
2026-04-14 06:32:40,046	INFO http_server_head.py:298 -- <ResourceRoute [GET] <PlainResource  /> -> <function HttpServerDashboardHead.get_index at 0x73bc3f008280>
2026-04-14 06:32:40,046	INFO http_server_head.py:298 -- <ResourceRoute [GET] <PlainResource  /favicon.ico> -> <function HttpServerDashboardHead.get_favicon at 0x73bc3f0083a0>
2026-04-14 06:32:40,046	INFO http_server_head.py:298 -- <ResourceRoute [GET] <PlainResource  /timezone> -> <function HttpServerDashboardHead.get_timezone at 0x73bc3f0084c0>
2026-04-14 06:32:40,046	INFO http_server_head.py:298 -- <ResourceRoute [GET] <StaticResource  /static -> PosixPath('/home/ubuntu/boogie-parser/venv/lib/python3.10/site-packages/ray/dashboard/client/build/static')> -> <bound method StaticResource._handle of <StaticResource  /static -> PosixPath('/home/ubuntu/boogie-parser/venv/lib/python3.10/site-packages/ray/dashboard/client/build/static')>>
2026-04-14 06:32:40,046	INFO http_server_head.py:298 -- <ResourceRoute [GET] <PlainResource  /api/grafana_health> -> <function SubprocessRouteTable._register_route.<locals>._wrapper.<locals>.parent_side_handler at 0x73bc40720940>
2026-04-14 06:32:40,046	INFO http_server_head.py:298 -- <ResourceRoute [GET] <PlainResource  /api/prometheus_health> -> <function SubprocessRouteTable._register_route.<locals>._wrapper.<locals>.parent_side_handler at 0x73bc40720a60>
2026-04-14 06:32:40,046	INFO http_server_head.py:298 -- <ResourceRoute [GET] <DynamicResource  /api/data/datasets/{job_id}> -> <function SubprocessRouteTable._register_route.<locals>._wrapper.<locals>.parent_side_handler at 0x73bc40720ca0>
2026-04-14 06:32:40,046	INFO http_server_head.py:298 -- <ResourceRoute [POST] <PlainResource  /report_events> -> <function SubprocessRouteTable._register_route.<locals>._wrapper.<locals>.parent_side_handler at 0x73bc3f3cfbe0>
2026-04-14 06:32:40,046	INFO http_server_head.py:298 -- <ResourceRoute [GET] <PlainResource  /events> -> <function SubprocessRouteTable._register_route.<locals>._wrapper.<locals>.parent_side_handler at 0x73bc3f3cfd90>
2026-04-14 06:32:40,046	INFO http_server_head.py:298 -- <ResourceRoute [GET] <PlainResource  /api/v0/cluster_events> -> <function SubprocessRouteTable._register_route.<locals>._wrapper.<locals>.parent_side_handler at 0x73bc3f3ec040>
2026-04-14 06:32:40,046	INFO http_server_head.py:298 -- <ResourceRoute [GET] <PlainResource  /api/version> -> <function SubprocessRouteTable._register_route.<locals>._wrapper.<locals>.parent_side_handler at 0x73bc3f23e200>
2026-04-14 06:32:40,046	INFO http_server_head.py:298 -- <ResourceRoute [GET] <DynamicResource  /api/packages/{protocol}/{package_name}> -> <function SubprocessRouteTable._register_route.<locals>._wrapper.<locals>.parent_side_handler at 0x73bc3f23e320>
2026-04-14 06:32:40,046	INFO http_server_head.py:298 -- <ResourceRoute [PUT] <DynamicResource  /api/packages/{protocol}/{package_name}> -> <function SubprocessRouteTable._register_route.<locals>._wrapper.<locals>.parent_side_handler at 0x73bc3f23e440>
2026-04-14 06:32:40,046	INFO http_server_head.py:298 -- <ResourceRoute [POST] <PlainResource  /api/jobs/> -> <function SubprocessRouteTable._register_route.<locals>._wrapper.<locals>.parent_side_handler at 0x73bc3f23e560>
2026-04-14 06:32:40,046	INFO http_server_head.py:298 -- <ResourceRoute [POST] <DynamicResource  /api/jobs/{job_or_submission_id}/stop> -> <function SubprocessRouteTable._register_route.<locals>._wrapper.<locals>.parent_side_handler at 0x73bc3f23e680>
2026-04-14 06:32:40,046	INFO http_server_head.py:298 -- <ResourceRoute [DELETE] <DynamicResource  /api/jobs/{job_or_submission_id}> -> <function SubprocessRouteTable._register_route.<locals>._wrapper.<locals>.parent_side_handler at 0x73bc3f23e7a0>
2026-04-14 06:32:40,046	INFO http_server_head.py:298 -- <ResourceRoute [GET] <DynamicResource  /api/jobs/{job_or_submission_id}> -> <function SubprocessRouteTable._register_route.<locals>._wrapper.<locals>.parent_side_handler at 0x73bc3f23e8c0>
2026-04-14 06:32:40,046	INFO http_server_head.py:298 -- <ResourceRoute [GET] <PlainResource  /api/jobs/> -> <function SubprocessRouteTable._register_route.<locals>._wrapper.<locals>.parent_side_handler at 0x73bc3f23e9e0>
2026-04-14 06:32:40,046	INFO http_server_head.py:298 -- <ResourceRoute [GET] <DynamicResource  /api/jobs/{job_or_submission_id}/logs> -> <function SubprocessRouteTable._register_route.<locals>._wrapper.<locals>.parent_side_handler at 0x73bc3f23eb00>
2026-04-14 06:32:40,046	INFO http_server_head.py:298 -- <ResourceRoute [GET] <DynamicResource  /api/jobs/{job_or_submission_id}/logs/tail> -> <function SubprocessRouteTable._register_route.<locals>._wrapper.<locals>.parent_side_handler at 0x73bc3f23ec20>
2026-04-14 06:32:40,046	INFO http_server_head.py:298 -- <ResourceRoute [GET] <PlainResource  /api/component_activities> -> <function SubprocessRouteTable._register_route.<locals>._wrapper.<locals>.parent_side_handler at 0x73bc3f23edd0>
2026-04-14 06:32:40,046	INFO http_server_head.py:298 -- <ResourceRoute [GET] <PlainResource  /nodes> -> <function SubprocessRouteTable._register_route.<locals>._wrapper.<locals>.parent_side_handler at 0x73bc3f2d6950>
2026-04-14 06:32:40,046	INFO http_server_head.py:298 -- <ResourceRoute [GET] <DynamicResource  /nodes/{node_id}> -> <function SubprocessRouteTable._register_route.<locals>._wrapper.<locals>.parent_side_handler at 0x73bc3f2d6b00>
2026-04-14 06:32:40,046	INFO http_server_head.py:298 -- <ResourceRoute [GET] <PlainResource  /logical/actors> -> <function SubprocessRouteTable._register_route.<locals>._wrapper.<locals>.parent_side_handler at 0x73bc3f2d7130>
2026-04-14 06:32:40,046	INFO http_server_head.py:298 -- <ResourceRoute [GET] <DynamicResource  /logical/actors/{actor_id}> -> <function SubprocessRouteTable._register_route.<locals>._wrapper.<locals>.parent_side_handler at 0x73bc3f2d72e0>
2026-04-14 06:32:40,046	INFO http_server_head.py:298 -- <ResourceRoute [GET] <PlainResource  /test/dump> -> <function SubprocessRouteTable._register_route.<locals>._wrapper.<locals>.parent_side_handler at 0x73bc3f2d7490>
2026-04-14 06:32:40,046	INFO http_server_head.py:298 -- <ResourceRoute [GET] <PlainResource  /api/v0/cluster_metadata> -> <function SubprocessRouteTable._register_route.<locals>._wrapper.<locals>.parent_side_handler at 0x73bc3f177d90>
2026-04-14 06:32:40,046	INFO http_server_head.py:298 -- <ResourceRoute [GET] <PlainResource  /api/cluster_status> -> <function SubprocessRouteTable._register_route.<locals>._wrapper.<locals>.parent_side_handler at 0x73bc3f177eb0>
2026-04-14 06:32:40,046	INFO http_server_head.py:298 -- <ResourceRoute [GET] <PlainResource  /task/traceback> -> <function SubprocessRouteTable._register_route.<locals>._wrapper.<locals>.parent_side_handler at 0x73bc3f190160>
2026-04-14 06:32:40,046	INFO http_server_head.py:298 -- <ResourceRoute [GET] <PlainResource  /task/cpu_profile> -> <function SubprocessRouteTable._register_route.<locals>._wrapper.<locals>.parent_side_handler at 0x73bc3f190280>
2026-04-14 06:32:40,046	INFO http_server_head.py:298 -- <ResourceRoute [GET] <PlainResource  /worker/traceback> -> <function SubprocessRouteTable._register_route.<locals>._wrapper.<locals>.parent_side_handler at 0x73bc3f1903a0>
2026-04-14 06:32:40,046	INFO http_server_head.py:298 -- <ResourceRoute [GET] <PlainResource  /worker/cpu_profile> -> <function SubprocessRouteTable._register_route.<locals>._wrapper.<locals>.parent_side_handler at 0x73bc3f1904c0>
2026-04-14 06:32:40,046	INFO http_server_head.py:298 -- <ResourceRoute [GET] <PlainResource  /worker/gpu_profile> -> <function SubprocessRouteTable._register_route.<locals>._wrapper.<locals>.parent_side_handler at 0x73bc3f1905e0>
2026-04-14 06:32:40,046	INFO http_server_head.py:298 -- <ResourceRoute [GET] <PlainResource  /memory_profile> -> <function SubprocessRouteTable._register_route.<locals>._wrapper.<locals>.parent_side_handler at 0x73bc3f190700>
2026-04-14 06:32:40,046	INFO http_server_head.py:298 -- <ResourceRoute [GET] <PlainResource  /api/gcs_healthz> -> <function SubprocessRouteTable._register_route.<locals>._wrapper.<locals>.parent_side_handler at 0x73bc3f190820>
2026-04-14 06:32:40,046	INFO http_server_head.py:298 -- <ResourceRoute [GET] <PlainResource  /api/actors/kill> -> <function SubprocessRouteTable._register_route.<locals>._wrapper.<locals>.parent_side_handler at 0x73bc3f190940>
2026-04-14 06:32:40,046	INFO http_server_head.py:298 -- <ResourceRoute [GET] <PlainResource  /api/prometheus/sd> -> <function SubprocessRouteTable._register_route.<locals>._wrapper.<locals>.parent_side_handler at 0x73bc3f190a60>
2026-04-14 06:32:40,046	INFO http_server_head.py:298 -- <ResourceRoute [GET] <PlainResource  /api/ray/version> -> <function SubprocessRouteTable._register_route.<locals>._wrapper.<locals>.parent_side_handler at 0x73bc3f191510>
2026-04-14 06:32:40,046	INFO http_server_head.py:298 -- <ResourceRoute [GET] <PlainResource  /api/serve/applications/> -> <function SubprocessRouteTable._register_route.<locals>._wrapper.<locals>.parent_side_handler at 0x73bc3f1915a0>
2026-04-14 06:32:40,046	INFO http_server_head.py:298 -- <ResourceRoute [DELETE] <PlainResource  /api/serve/applications/> -> <function SubprocessRouteTable._register_route.<locals>._wrapper.<locals>.parent_side_handler at 0x73bc3f1917e0>
2026-04-14 06:32:40,046	INFO http_server_head.py:298 -- <ResourceRoute [PUT] <PlainResource  /api/serve/applications/> -> <function SubprocessRouteTable._register_route.<locals>._wrapper.<locals>.parent_side_handler at 0x73bc3f191990>
2026-04-14 06:32:40,046	INFO http_server_head.py:298 -- <ResourceRoute [POST] <DynamicResource  /api/v1/applications/{application_name}/deployments/{deployment_name}/scale> -> <function SubprocessRouteTable._register_route.<locals>._wrapper.<locals>.parent_side_handler at 0x73bc3f191c60>
2026-04-14 06:32:40,046	INFO http_server_head.py:298 -- <ResourceRoute [GET] <PlainResource  /api/v0/actors> -> <function SubprocessRouteTable._register_route.<locals>._wrapper.<locals>.parent_side_handler at 0x73bc3f192440>
2026-04-14 06:32:40,046	INFO http_server_head.py:298 -- <ResourceRoute [GET] <PlainResource  /api/v0/jobs> -> <function SubprocessRouteTable._register_route.<locals>._wrapper.<locals>.parent_side_handler at 0x73bc3f1925f0>
2026-04-14 06:32:40,047	INFO http_server_head.py:298 -- <ResourceRoute [GET] <PlainResource  /api/v0/nodes> -> <function SubprocessRouteTable._register_route.<locals>._wrapper.<locals>.parent_side_handler at 0x73bc3f1927a0>
2026-04-14 06:32:40,047	INFO http_server_head.py:298 -- <ResourceRoute [GET] <PlainResource  /api/v0/placement_groups> -> <function SubprocessRouteTable._register_route.<locals>._wrapper.<locals>.parent_side_handler at 0x73bc3f192950>
2026-04-14 06:32:40,047	INFO http_server_head.py:298 -- <ResourceRoute [GET] <PlainResource  /api/v0/workers> -> <function SubprocessRouteTable._register_route.<locals>._wrapper.<locals>.parent_side_handler at 0x73bc3f192b00>
2026-04-14 06:32:40,047	INFO http_server_head.py:298 -- <ResourceRoute [GET] <PlainResource  /api/v0/tasks> -> <function SubprocessRouteTable._register_route.<locals>._wrapper.<locals>.parent_side_handler at 0x73bc3f192cb0>
2026-04-14 06:32:40,047	INFO http_server_head.py:298 -- <ResourceRoute [GET] <PlainResource  /api/v0/objects> -> <function SubprocessRouteTable._register_route.<locals>._wrapper.<locals>.parent_side_handler at 0x73bc3f192e60>
2026-04-14 06:32:40,047	INFO http_server_head.py:298 -- <ResourceRoute [GET] <PlainResource  /api/v0/runtime_envs> -> <function SubprocessRouteTable._register_route.<locals>._wrapper.<locals>.parent_side_handler at 0x73bc3f193010>
2026-04-14 06:32:40,047	INFO http_server_head.py:298 -- <ResourceRoute [GET] <PlainResource  /api/v0/logs> -> <function SubprocessRouteTable._register_route.<locals>._wrapper.<locals>.parent_side_handler at 0x73bc3f1931c0>
2026-04-14 06:32:40,047	INFO http_server_head.py:298 -- <ResourceRoute [GET] <DynamicResource  /api/v0/logs/{media_type}> -> <function SubprocessRouteTable._register_route.<locals>._wrapper.<locals>.parent_side_handler at 0x73bc3f193370>
2026-04-14 06:32:40,047	INFO http_server_head.py:298 -- <ResourceRoute [GET] <PlainResource  /api/v0/tasks/summarize> -> <function SubprocessRouteTable._register_route.<locals>._wrapper.<locals>.parent_side_handler at 0x73bc3f193520>
2026-04-14 06:32:40,047	INFO http_server_head.py:298 -- <ResourceRoute [GET] <PlainResource  /api/v0/actors/summarize> -> <function SubprocessRouteTable._register_route.<locals>._wrapper.<locals>.parent_side_handler at 0x73bc3f1936d0>
2026-04-14 06:32:40,047	INFO http_server_head.py:298 -- <ResourceRoute [GET] <PlainResource  /api/v0/objects/summarize> -> <function SubprocessRouteTable._register_route.<locals>._wrapper.<locals>.parent_side_handler at 0x73bc3f193880>
2026-04-14 06:32:40,047	INFO http_server_head.py:298 -- <ResourceRoute [GET] <PlainResource  /api/v0/tasks/timeline> -> <function SubprocessRouteTable._register_route.<locals>._wrapper.<locals>.parent_side_handler at 0x73bc3f193a30>
2026-04-14 06:32:40,047	INFO http_server_head.py:298 -- <ResourceRoute [GET] <DynamicResource  /api/v0/delay/{delay_s}> -> <function SubprocessRouteTable._register_route.<locals>._wrapper.<locals>.parent_side_handler at 0x73bc3f193b50>
2026-04-14 06:32:40,047	INFO http_server_head.py:298 -- <ResourceRoute [GET] <PlainResource  /api/train/v2/runs/v1> -> <function SubprocessRouteTable._register_route.<locals>._wrapper.<locals>.parent_side_handler at 0x73bc3f1bc160>
2026-04-14 06:32:40,047	INFO http_server_head.py:298 -- <ResourceRoute [GET] <PlainResource  /api/train/v2/runs> -> <function SubprocessRouteTable._register_route.<locals>._wrapper.<locals>.parent_side_handler at 0x73bc3f1bc5e0>
2026-04-14 06:32:40,047	INFO http_server_head.py:299 -- Registered 61 routes.
2026-04-14 06:32:40,047	INFO head.py:440 -- http server initialized at 127.0.0.1:9063
2026-04-14 06:32:40,056	INFO usage_stats_head.py:200 -- Usage reporting is disabled.
2026-04-14 06:32:44,085	WARNING dashboard.py:285 -- Exiting with SIGTERM immediately...
