2026-04-14 06:32:40,494	INFO log_monitor.py:169 -- Starting log monitor with [max open files=200], [is_autoscaler_v2=False]
2026-04-14 06:32:40,496	INFO log_monitor.py:291 -- Beginning to track file raylet.err
2026-04-14 06:32:40,496	INFO log_monitor.py:291 -- Beginning to track file monitor.log
2026-04-14 06:32:40,496	INFO log_monitor.py:291 -- Beginning to track file gcs_server.err
2026-04-14 06:32:40,706	INFO log_monitor.py:291 -- Beginning to track file worker-d27fc04c92e66967371cf469fef5f8db29eb2142cdc43f8244b7f5b0-ffffffff-2529907.err
2026-04-14 06:32:40,706	INFO log_monitor.py:291 -- Beginning to track file worker-0e11cf9bfb2e200c5a15ae447b9cc2bffcf71b42276b731944026d13-ffffffff-2529910.out
2026-04-14 06:32:40,706	INFO log_monitor.py:291 -- Beginning to track file worker-f9718541c92f387aa0868a3e421a9b042435f3e6021c4159e0128209-ffffffff-2529906.err
2026-04-14 06:32:40,706	INFO log_monitor.py:291 -- Beginning to track file worker-f9718541c92f387aa0868a3e421a9b042435f3e6021c4159e0128209-ffffffff-2529906.out
2026-04-14 06:32:40,706	INFO log_monitor.py:291 -- Beginning to track file worker-d27fc04c92e66967371cf469fef5f8db29eb2142cdc43f8244b7f5b0-ffffffff-2529907.out
2026-04-14 06:32:40,706	INFO log_monitor.py:291 -- Beginning to track file worker-5a84c12bdba8169594f91c4858127b763631e66338ee4b7444c053e2-ffffffff-2529913.err
2026-04-14 06:32:40,707	INFO log_monitor.py:291 -- Beginning to track file worker-e51f96ae2cd759e2f809c9945ea5b0b98a1f279f114eb450e4565c0a-ffffffff-2529912.err
2026-04-14 06:32:40,707	INFO log_monitor.py:291 -- Beginning to track file worker-0e11cf9bfb2e200c5a15ae447b9cc2bffcf71b42276b731944026d13-ffffffff-2529910.err
2026-04-14 06:32:40,707	INFO log_monitor.py:291 -- Beginning to track file worker-e51f96ae2cd759e2f809c9945ea5b0b98a1f279f114eb450e4565c0a-ffffffff-2529912.out
2026-04-14 06:32:40,707	INFO log_monitor.py:291 -- Beginning to track file worker-5a84c12bdba8169594f91c4858127b763631e66338ee4b7444c053e2-ffffffff-2529913.out
2026-04-14 06:32:40,808	INFO log_monitor.py:291 -- Beginning to track file worker-faa3b48b9abd3b07e55eb95deca3872bce574846948dce40a8f31425-ffffffff-2529908.out
2026-04-14 06:32:40,808	INFO log_monitor.py:291 -- Beginning to track file worker-29183e7ed00defd9da328799709a087c4d332852d7c6aac9fd4874e8-ffffffff-2529932.out
2026-04-14 06:32:40,808	INFO log_monitor.py:291 -- Beginning to track file worker-f14b5815d53c254fcd74be85028ecbfc40ee47e6798350ae46c138ac-ffffffff-2529934.out
2026-04-14 06:32:40,808	INFO log_monitor.py:291 -- Beginning to track file worker-6e14c873a91f8d0ca92a703d47137b36df5f0f740d7342d3b3e81d24-ffffffff-2529925.out
2026-04-14 06:32:40,808	INFO log_monitor.py:291 -- Beginning to track file worker-377e8ce94c273ac9996e33c67ac5fa847566214483be1a15f939de85-ffffffff-2529930.err
2026-04-14 06:32:40,808	INFO log_monitor.py:291 -- Beginning to track file worker-2e0833167449feb8ae3c0adad978e8856fa223d62d25ae49363cfa4f-ffffffff-2529915.out
2026-04-14 06:32:40,808	INFO log_monitor.py:291 -- Beginning to track file worker-29183e7ed00defd9da328799709a087c4d332852d7c6aac9fd4874e8-ffffffff-2529932.err
2026-04-14 06:32:40,808	INFO log_monitor.py:291 -- Beginning to track file worker-d2d2a4670db1c94c41d65b199f5cecb60e8bcb239b72b211aea0578c-ffffffff-2529942.err
2026-04-14 06:32:40,808	INFO log_monitor.py:291 -- Beginning to track file worker-e0ed2382ca133ffb5d2b4f0a3b069b8fde615815b66af25e23bdbcb3-ffffffff-2529939.err
2026-04-14 06:32:40,808	INFO log_monitor.py:291 -- Beginning to track file worker-dbdd033ca9022a29195926a264f78aa63d91ebc9529a4bca25b40bd0-ffffffff-2529928.err
2026-04-14 06:32:40,808	INFO log_monitor.py:291 -- Beginning to track file worker-0bd7a7ebb50c4a5b9adb9fefce2bd4161f71111054cb29e0ebc5abed-ffffffff-2529933.err
2026-04-14 06:32:40,808	INFO log_monitor.py:291 -- Beginning to track file worker-3c9221a654cf1d6183494afa43f03d5e9f15443bb1e8bd057d0d3dbf-ffffffff-2529914.out
2026-04-14 06:32:40,808	INFO log_monitor.py:291 -- Beginning to track file worker-6ac16466f721ecc1313a01cd1cb6805a7a52e9bae696f79d4724c4c1-ffffffff-2529920.out
2026-04-14 06:32:40,808	INFO log_monitor.py:291 -- Beginning to track file worker-faa3b48b9abd3b07e55eb95deca3872bce574846948dce40a8f31425-ffffffff-2529908.err
2026-04-14 06:32:40,808	INFO log_monitor.py:291 -- Beginning to track file worker-7833301b84e4a75071f1bb9ed162f5e3483c10c840e880862331b246-ffffffff-2529909.err
2026-04-14 06:32:40,808	INFO log_monitor.py:291 -- Beginning to track file worker-7833301b84e4a75071f1bb9ed162f5e3483c10c840e880862331b246-ffffffff-2529909.out
2026-04-14 06:32:40,808	INFO log_monitor.py:291 -- Beginning to track file worker-f3fe68e91268fa21836c875acc3d4fcd85b674644851a10938790c18-ffffffff-2529935.err
2026-04-14 06:32:40,808	INFO log_monitor.py:291 -- Beginning to track file worker-6e14c873a91f8d0ca92a703d47137b36df5f0f740d7342d3b3e81d24-ffffffff-2529925.err
2026-04-14 06:32:40,808	INFO log_monitor.py:291 -- Beginning to track file worker-e15d428faf285a9055a306b37e18f2fe4b714e8ab808824eafaff766-ffffffff-2529946.err
2026-04-14 06:32:40,808	INFO log_monitor.py:291 -- Beginning to track file worker-2e0833167449feb8ae3c0adad978e8856fa223d62d25ae49363cfa4f-ffffffff-2529915.err
2026-04-14 06:32:40,808	INFO log_monitor.py:291 -- Beginning to track file worker-3565b41c47efc14f59fbb02183bfe09fb6ef3e27a0a5f4c0661304e9-ffffffff-2529921.err
2026-04-14 06:32:40,808	INFO log_monitor.py:291 -- Beginning to track file worker-3565b41c47efc14f59fbb02183bfe09fb6ef3e27a0a5f4c0661304e9-ffffffff-2529921.out
2026-04-14 06:32:40,808	INFO log_monitor.py:291 -- Beginning to track file worker-568379fd64d49d18f84108d36ec848cf0bfebd993cc88662a1326762-ffffffff-2529926.err
2026-04-14 06:32:40,808	INFO log_monitor.py:291 -- Beginning to track file worker-9f1d3edd2dfe18a074582bcd0570bf85c38ad700f25f009cc3c7b7fb-ffffffff-2529917.err
2026-04-14 06:32:40,808	INFO log_monitor.py:291 -- Beginning to track file worker-377e8ce94c273ac9996e33c67ac5fa847566214483be1a15f939de85-ffffffff-2529930.out
2026-04-14 06:32:40,808	INFO log_monitor.py:291 -- Beginning to track file worker-179df5e3494c17b413a58c5c137f18d7ccb3d366efdef34c12e33664-ffffffff-2529918.out
2026-04-14 06:32:40,808	INFO log_monitor.py:291 -- Beginning to track file worker-568379fd64d49d18f84108d36ec848cf0bfebd993cc88662a1326762-ffffffff-2529926.out
2026-04-14 06:32:40,808	INFO log_monitor.py:291 -- Beginning to track file worker-863916d1075383fa94227ae053c598308e18ca3ffb950d6aca1809e0-ffffffff-2529916.err
2026-04-14 06:32:40,808	INFO log_monitor.py:291 -- Beginning to track file worker-9f1d3edd2dfe18a074582bcd0570bf85c38ad700f25f009cc3c7b7fb-ffffffff-2529917.out
2026-04-14 06:32:40,808	INFO log_monitor.py:291 -- Beginning to track file worker-db7ed07b495f2f3684690901b07157ad7aaa72fe98ea8de5d6b24703-ffffffff-2529911.err
2026-04-14 06:32:40,809	INFO log_monitor.py:291 -- Beginning to track file worker-f3fe68e91268fa21836c875acc3d4fcd85b674644851a10938790c18-ffffffff-2529935.out
2026-04-14 06:32:40,809	INFO log_monitor.py:291 -- Beginning to track file worker-a1b9616a50c4d3b3f14ca16a38ad9ede8dc6e4ad9985fa1b83675e14-ffffffff-2529929.out
2026-04-14 06:32:40,809	INFO log_monitor.py:291 -- Beginning to track file worker-0bd7a7ebb50c4a5b9adb9fefce2bd4161f71111054cb29e0ebc5abed-ffffffff-2529933.out
2026-04-14 06:32:40,809	INFO log_monitor.py:291 -- Beginning to track file worker-db7ed07b495f2f3684690901b07157ad7aaa72fe98ea8de5d6b24703-ffffffff-2529911.out
2026-04-14 06:32:40,809	INFO log_monitor.py:291 -- Beginning to track file worker-179df5e3494c17b413a58c5c137f18d7ccb3d366efdef34c12e33664-ffffffff-2529918.err
2026-04-14 06:32:40,809	INFO log_monitor.py:291 -- Beginning to track file worker-e0ed2382ca133ffb5d2b4f0a3b069b8fde615815b66af25e23bdbcb3-ffffffff-2529939.out
2026-04-14 06:32:40,809	INFO log_monitor.py:291 -- Beginning to track file worker-d2d2a4670db1c94c41d65b199f5cecb60e8bcb239b72b211aea0578c-ffffffff-2529942.out
2026-04-14 06:32:40,809	INFO log_monitor.py:291 -- Beginning to track file worker-a1b9616a50c4d3b3f14ca16a38ad9ede8dc6e4ad9985fa1b83675e14-ffffffff-2529929.err
2026-04-14 06:32:40,809	INFO log_monitor.py:291 -- Beginning to track file worker-e15d428faf285a9055a306b37e18f2fe4b714e8ab808824eafaff766-ffffffff-2529946.out
2026-04-14 06:32:40,809	INFO log_monitor.py:291 -- Beginning to track file worker-f14b5815d53c254fcd74be85028ecbfc40ee47e6798350ae46c138ac-ffffffff-2529934.err
2026-04-14 06:32:40,809	INFO log_monitor.py:291 -- Beginning to track file worker-dbdd033ca9022a29195926a264f78aa63d91ebc9529a4bca25b40bd0-ffffffff-2529928.out
2026-04-14 06:32:40,809	INFO log_monitor.py:291 -- Beginning to track file worker-3c9221a654cf1d6183494afa43f03d5e9f15443bb1e8bd057d0d3dbf-ffffffff-2529914.err
2026-04-14 06:32:40,809	INFO log_monitor.py:291 -- Beginning to track file worker-6ac16466f721ecc1313a01cd1cb6805a7a52e9bae696f79d4724c4c1-ffffffff-2529920.err
2026-04-14 06:32:40,809	INFO log_monitor.py:291 -- Beginning to track file worker-863916d1075383fa94227ae053c598308e18ca3ffb950d6aca1809e0-ffffffff-2529916.out
2026-04-14 06:32:40,910	INFO log_monitor.py:291 -- Beginning to track file worker-2bb9a9820eac74f2088b6df0e825125c9e9c179b88b9a114aa7578fa-ffffffff-2529922.err
2026-04-14 06:32:40,910	INFO log_monitor.py:291 -- Beginning to track file worker-b7cfe9032c18d5072798c90cbcab0b2ee31110305657f82484e37d76-ffffffff-2529957.out
2026-04-14 06:32:40,910	INFO log_monitor.py:291 -- Beginning to track file worker-0dfec0e61ac211f6170b62a0b664d7b588f719dd8a3c285a30509a0f-ffffffff-2529944.err
2026-04-14 06:32:40,910	INFO log_monitor.py:291 -- Beginning to track file worker-f7cb86b480373750eab9d3383cc3065f608034a89e2250547d418e7c-ffffffff-2529952.out
2026-04-14 06:32:40,910	INFO log_monitor.py:291 -- Beginning to track file worker-1f4abfc3a0d59375ab839c2a80c409ccb7110d5b2287cc76f06417b2-ffffffff-2529931.out
2026-04-14 06:32:40,910	INFO log_monitor.py:291 -- Beginning to track file worker-15bbdc30aabae41c606ebc7b2f6c17f90b00bf473be0c15e4f522a87-ffffffff-2529994.out
2026-04-14 06:32:40,910	INFO log_monitor.py:291 -- Beginning to track file worker-0ba1600cb5a45cde895026c4cc04d52db49e8d36080e2360445e23b8-ffffffff-2529966.err
2026-04-14 06:32:40,910	INFO log_monitor.py:291 -- Beginning to track file worker-2ae21027950154d844026527a4d15f23a6a0666f9c8f1c308b724781-ffffffff-2529943.err
2026-04-14 06:32:40,910	INFO log_monitor.py:291 -- Beginning to track file worker-75e61dbb4e7b1c326cc542c696264613bd60c5333c3d0172e0acb18d-ffffffff-2529959.out
2026-04-14 06:32:40,911	INFO log_monitor.py:291 -- Beginning to track file worker-b7cfe9032c18d5072798c90cbcab0b2ee31110305657f82484e37d76-ffffffff-2529957.err
2026-04-14 06:32:40,911	INFO log_monitor.py:291 -- Beginning to track file worker-3f8b2c495dc3541cd0a5b547d79eb3ec56137477e4efe31555bf0b4d-ffffffff-2529937.err
2026-04-14 06:32:40,911	INFO log_monitor.py:291 -- Beginning to track file worker-3d3b9d76955ca7098526222302ab9020a3c2c6fd9da9cff46657346f-ffffffff-2529945.out
2026-04-14 06:32:40,911	INFO log_monitor.py:291 -- Beginning to track file worker-03468f97f0f424a946814d43e52f9ac5e90cb6e1b7d2c077a9ee5034-ffffffff-2529971.err
2026-04-14 06:32:40,911	INFO log_monitor.py:291 -- Beginning to track file worker-7bd61a273f736f5c132bed6ca0f3537e98e12caecb5375bf93043b8c-ffffffff-2529919.err
2026-04-14 06:32:40,911	INFO log_monitor.py:291 -- Beginning to track file worker-792edf1acc29d3878a99051b8273192e5037c02354df5b09b99c7bbf-ffffffff-2529924.out
2026-04-14 06:32:40,911	INFO log_monitor.py:291 -- Beginning to track file worker-220b0bb8d2cbcd003923f9084e6a85bc808850122b88f96f54774a05-ffffffff-2529996.err
2026-04-14 06:32:40,911	INFO log_monitor.py:291 -- Beginning to track file worker-798c1b599a17dbb9acd95b153f81ef5cf8494719c7b762a2ce31c445-ffffffff-2529940.out
2026-04-14 06:32:40,911	INFO log_monitor.py:291 -- Beginning to track file worker-798c1b599a17dbb9acd95b153f81ef5cf8494719c7b762a2ce31c445-ffffffff-2529940.err
2026-04-14 06:32:40,911	INFO log_monitor.py:291 -- Beginning to track file worker-3d3b9d76955ca7098526222302ab9020a3c2c6fd9da9cff46657346f-ffffffff-2529945.err
2026-04-14 06:32:40,911	INFO log_monitor.py:291 -- Beginning to track file worker-2ae21027950154d844026527a4d15f23a6a0666f9c8f1c308b724781-ffffffff-2529943.out
2026-04-14 06:32:40,911	INFO log_monitor.py:291 -- Beginning to track file worker-537e1cb5cbe7bbc12d7e2b1d5dad594af89c27dbb289127474e2c0b5-ffffffff-2529965.out
2026-04-14 06:32:40,911	INFO log_monitor.py:291 -- Beginning to track file worker-fc69f590b765bf77ec82493966963ca7c40fb68d73625d6a9003b42d-ffffffff-2529936.out
2026-04-14 06:32:40,911	INFO log_monitor.py:291 -- Beginning to track file worker-c67626131ae6bb86c2d3a213285e19588f0fc74c8f0881e716928b91-ffffffff-2529998.err
2026-04-14 06:32:40,911	INFO log_monitor.py:291 -- Beginning to track file worker-75e61dbb4e7b1c326cc542c696264613bd60c5333c3d0172e0acb18d-ffffffff-2529959.err
2026-04-14 06:32:40,911	INFO log_monitor.py:291 -- Beginning to track file worker-c920a6338dac56e8280c7a1a238b96728be502a38e0120de4701c456-ffffffff-2529995.err
2026-04-14 06:32:40,911	INFO log_monitor.py:291 -- Beginning to track file worker-e70dc3dea67f5ac0629123a4578a28f47b6f8130155f41b0280091d9-ffffffff-2529954.out
2026-04-14 06:32:40,911	INFO log_monitor.py:291 -- Beginning to track file worker-63769a2ee187ec45871e1438c51f7832d2df6539127be1d3faf71720-ffffffff-2529947.out
2026-04-14 06:32:40,911	INFO log_monitor.py:291 -- Beginning to track file worker-453b1819bd5d6a77e261cd7af37b2910b3259ccceadcd532d6703a5c-ffffffff-2529955.out
2026-04-14 06:32:40,911	INFO log_monitor.py:291 -- Beginning to track file worker-a807a60ca2d992e59b18f994cac741c6bc2ba1559ec467176338e68d-ffffffff-2529938.err
2026-04-14 06:32:40,911	INFO log_monitor.py:291 -- Beginning to track file worker-3f8b2c495dc3541cd0a5b547d79eb3ec56137477e4efe31555bf0b4d-ffffffff-2529937.out
2026-04-14 06:32:40,911	INFO log_monitor.py:291 -- Beginning to track file worker-b09b942ed1e68b7b39784b035716f4e0b35f618aa4b958133ad0a0dc-ffffffff-2529956.err
2026-04-14 06:32:40,911	INFO log_monitor.py:291 -- Beginning to track file worker-c67626131ae6bb86c2d3a213285e19588f0fc74c8f0881e716928b91-ffffffff-2529998.out
2026-04-14 06:32:40,911	INFO log_monitor.py:291 -- Beginning to track file worker-f7cb86b480373750eab9d3383cc3065f608034a89e2250547d418e7c-ffffffff-2529952.err
2026-04-14 06:32:40,911	INFO log_monitor.py:291 -- Beginning to track file worker-0e0fd152679e2d62f32834e8d0e6619e84d021c850906bd9f89896f7-ffffffff-2529951.err
2026-04-14 06:32:40,911	INFO log_monitor.py:291 -- Beginning to track file worker-b09b942ed1e68b7b39784b035716f4e0b35f618aa4b958133ad0a0dc-ffffffff-2529956.out
2026-04-14 06:32:40,911	INFO log_monitor.py:291 -- Beginning to track file worker-c920a6338dac56e8280c7a1a238b96728be502a38e0120de4701c456-ffffffff-2529995.out
2026-04-14 06:32:40,911	INFO log_monitor.py:291 -- Beginning to track file worker-03468f97f0f424a946814d43e52f9ac5e90cb6e1b7d2c077a9ee5034-ffffffff-2529971.out
2026-04-14 06:32:40,911	INFO log_monitor.py:291 -- Beginning to track file worker-3174f2991dfa83378ee28070bb92eb715d66a48ad7b19b4c63347c3d-ffffffff-2529953.err
2026-04-14 06:32:40,911	INFO log_monitor.py:291 -- Beginning to track file worker-14567c92fe10bcd44dbd077cc5833aac8a17d833cce15446d0007950-ffffffff-2529941.err
2026-04-14 06:32:40,911	INFO log_monitor.py:291 -- Beginning to track file worker-64cc3d7203c8734aa8a945b285851e9aa8786a3820933747c78f12f7-ffffffff-2529927.out
2026-04-14 06:32:40,911	INFO log_monitor.py:291 -- Beginning to track file worker-0ba1600cb5a45cde895026c4cc04d52db49e8d36080e2360445e23b8-ffffffff-2529966.out
2026-04-14 06:32:40,911	INFO log_monitor.py:291 -- Beginning to track file worker-7bd61a273f736f5c132bed6ca0f3537e98e12caecb5375bf93043b8c-ffffffff-2529919.out
2026-04-14 06:32:40,911	INFO log_monitor.py:291 -- Beginning to track file worker-63769a2ee187ec45871e1438c51f7832d2df6539127be1d3faf71720-ffffffff-2529947.err
2026-04-14 06:32:40,911	INFO log_monitor.py:291 -- Beginning to track file worker-1f4abfc3a0d59375ab839c2a80c409ccb7110d5b2287cc76f06417b2-ffffffff-2529931.err
2026-04-14 06:32:40,911	INFO log_monitor.py:291 -- Beginning to track file worker-14567c92fe10bcd44dbd077cc5833aac8a17d833cce15446d0007950-ffffffff-2529941.out
2026-04-14 06:32:40,911	INFO log_monitor.py:291 -- Beginning to track file worker-a807a60ca2d992e59b18f994cac741c6bc2ba1559ec467176338e68d-ffffffff-2529938.out
2026-04-14 06:32:40,911	INFO log_monitor.py:291 -- Beginning to track file worker-179d04f4395457726ec9950e18d98ba287221ca265fa41ae4b25e263-ffffffff-2529961.out
2026-04-14 06:32:40,912	INFO log_monitor.py:291 -- Beginning to track file worker-0dfec0e61ac211f6170b62a0b664d7b588f719dd8a3c285a30509a0f-ffffffff-2529944.out
2026-04-14 06:32:40,912	INFO log_monitor.py:291 -- Beginning to track file worker-15bbdc30aabae41c606ebc7b2f6c17f90b00bf473be0c15e4f522a87-ffffffff-2529994.err
2026-04-14 06:32:40,912	INFO log_monitor.py:291 -- Beginning to track file worker-537e1cb5cbe7bbc12d7e2b1d5dad594af89c27dbb289127474e2c0b5-ffffffff-2529965.err
2026-04-14 06:32:40,912	INFO log_monitor.py:291 -- Beginning to track file worker-64cc3d7203c8734aa8a945b285851e9aa8786a3820933747c78f12f7-ffffffff-2529927.err
2026-04-14 06:32:40,912	INFO log_monitor.py:291 -- Beginning to track file worker-184ca4b88f6d0402445a571deafb8aaab85dbfa8b1d1c44d4891b333-ffffffff-2529958.out
2026-04-14 06:32:40,912	INFO log_monitor.py:291 -- Beginning to track file worker-184ca4b88f6d0402445a571deafb8aaab85dbfa8b1d1c44d4891b333-ffffffff-2529958.err
2026-04-14 06:32:40,912	INFO log_monitor.py:291 -- Beginning to track file worker-2bb9a9820eac74f2088b6df0e825125c9e9c179b88b9a114aa7578fa-ffffffff-2529922.out
2026-04-14 06:32:40,912	INFO log_monitor.py:291 -- Beginning to track file worker-0e0fd152679e2d62f32834e8d0e6619e84d021c850906bd9f89896f7-ffffffff-2529951.out
2026-04-14 06:32:40,912	INFO log_monitor.py:291 -- Beginning to track file worker-453b1819bd5d6a77e261cd7af37b2910b3259ccceadcd532d6703a5c-ffffffff-2529955.err
2026-04-14 06:32:40,912	INFO log_monitor.py:291 -- Beginning to track file worker-220b0bb8d2cbcd003923f9084e6a85bc808850122b88f96f54774a05-ffffffff-2529996.out
2026-04-14 06:32:40,912	INFO log_monitor.py:291 -- Beginning to track file worker-01f7e9b56663d3c0370942ca8c4f2e3711073a7e48f93ddd12bbfb9a-ffffffff-2529948.out
2026-04-14 06:32:40,912	INFO log_monitor.py:291 -- Beginning to track file worker-179d04f4395457726ec9950e18d98ba287221ca265fa41ae4b25e263-ffffffff-2529961.err
2026-04-14 06:32:40,912	INFO log_monitor.py:291 -- Beginning to track file worker-e70dc3dea67f5ac0629123a4578a28f47b6f8130155f41b0280091d9-ffffffff-2529954.err
2026-04-14 06:32:40,913	INFO log_monitor.py:291 -- Beginning to track file worker-3174f2991dfa83378ee28070bb92eb715d66a48ad7b19b4c63347c3d-ffffffff-2529953.out
2026-04-14 06:32:40,913	INFO log_monitor.py:291 -- Beginning to track file worker-792edf1acc29d3878a99051b8273192e5037c02354df5b09b99c7bbf-ffffffff-2529924.err
2026-04-14 06:32:40,913	INFO log_monitor.py:291 -- Beginning to track file worker-01e280dcb6f8bb53fd39db3b02a24c237c828826789abc5e417f8c7d-ffffffff-2529950.err
2026-04-14 06:32:40,913	INFO log_monitor.py:291 -- Beginning to track file worker-01e280dcb6f8bb53fd39db3b02a24c237c828826789abc5e417f8c7d-ffffffff-2529950.out
2026-04-14 06:32:40,913	INFO log_monitor.py:291 -- Beginning to track file worker-fc69f590b765bf77ec82493966963ca7c40fb68d73625d6a9003b42d-ffffffff-2529936.err
2026-04-14 06:32:40,913	INFO log_monitor.py:291 -- Beginning to track file worker-01f7e9b56663d3c0370942ca8c4f2e3711073a7e48f93ddd12bbfb9a-ffffffff-2529948.err
2026-04-14 06:32:41,015	INFO log_monitor.py:291 -- Beginning to track file worker-b3788f7fbef95906ae30235865ecb85024fa6193c964f5f3bc0ebc5d-ffffffff-2529964.out
2026-04-14 06:32:41,015	INFO log_monitor.py:291 -- Beginning to track file worker-8aea65c86bfb08472eaa521ee8d33da47ee42f23a8262017dde7d628-ffffffff-2529923.out
2026-04-14 06:32:41,015	INFO log_monitor.py:291 -- Beginning to track file worker-b3788f7fbef95906ae30235865ecb85024fa6193c964f5f3bc0ebc5d-ffffffff-2529964.err
2026-04-14 06:32:41,015	INFO log_monitor.py:291 -- Beginning to track file worker-b5bfd0b6c4b1223928630e12c0c3c5943bf66ad1538f1300cfbf2d08-ffffffff-2529949.out
2026-04-14 06:32:41,015	INFO log_monitor.py:291 -- Beginning to track file worker-d5b60d0ef640040085978bdd65100804fcb56b7132e30edbc27ce2b6-ffffffff-2529997.out
2026-04-14 06:32:41,015	INFO log_monitor.py:291 -- Beginning to track file worker-8aea65c86bfb08472eaa521ee8d33da47ee42f23a8262017dde7d628-ffffffff-2529923.err
2026-04-14 06:32:41,015	INFO log_monitor.py:291 -- Beginning to track file worker-b5bfd0b6c4b1223928630e12c0c3c5943bf66ad1538f1300cfbf2d08-ffffffff-2529949.err
2026-04-14 06:32:41,015	INFO log_monitor.py:291 -- Beginning to track file worker-d5b60d0ef640040085978bdd65100804fcb56b7132e30edbc27ce2b6-ffffffff-2529997.err
