[2026-04-14 06:32:40,810 I 2529950 2529950] core_worker_process.cc:770: Constructing CoreWorkerProcess. pid: 2529950
[2026-04-14 06:32:40,811 I 2529950 2529950] io_service_pool.cc:37: IOServicePool is running with 1 io_service.
[2026-04-14 06:32:40,811 I 2529950 2529950] event.cc:499: Ray Event initialized for CORE_WORKER
[2026-04-14 06:32:40,812 I 2529950 2529950] event.cc:499: Ray Event initialized for EXPORT_TASK
[2026-04-14 06:32:40,812 I 2529950 2529950] event.cc:332: Set ray event level to warning
[2026-04-14 06:32:40,812 I 2529950 2529950] event_aggregator_client.h:50: Initiating the local event aggregator client with port: 55891
[2026-04-14 06:32:40,813 I 2529950 2529950] grpc_server.cc:142: worker server started, listening on port 42903.
[2026-04-14 06:32:40,817 I 2529950 2529950] core_worker_process.cc:261: Initializing worker at address: 172.31.1.230:42903 worker_id=01e280dcb6f8bb53fd39db3b02a24c237c828826789abc5e417f8c7d node_id=41b99a4beb5575d68e28d30a737c8b9b4d46bd7bd31158a4b5855554
[2026-04-14 06:32:40,818 I 2529950 2529950] task_event_buffer.cc:480: Reporting task events to GCS every 1000ms.
[2026-04-14 06:32:40,818 I 2529950 2529950] core_worker.cc:517: Adjusted worker niceness to 15
[2026-04-14 06:32:40,818 I 2529950 2529950] metrics_agent_client.cc:42: Initializing exporter ...
[2026-04-14 06:32:40,818 I 2529950 2532132] core_worker.cc:457: Event stats:


Global stats: 15 total (11 active)
Queueing time: mean = 0.03ms, max = 0.36ms, min = 0.04ms, total = 0.40ms
Execution time:  mean = 0.05ms, total = 0.70ms
Event stats:
	PeriodicalRunner.RunFnPeriodically - 7 total (5 active, 1 running), Execution time: mean = 0.00ms, total = 0.02ms, Queueing time: mean = 0.06ms, max = 0.36ms, min = 0.04ms, total = 0.40ms
	ray::rpc::InternalPubSubGcsService.grpc_client.GcsSubscriberPoll - 1 total (1 active), Execution time: mean = 0.00ms, total = 0.00ms, Queueing time: mean = 0.00ms, max = -0.00ms, min = 9223372036854.78ms, total = 0.00ms
	ray::rpc::WorkerInfoGcsService.grpc_client.AddWorkerInfo.OnReplyReceived - 1 total (1 active), Execution time: mean = 0.00ms, total = 0.00ms, Queueing time: mean = 0.00ms, max = -0.00ms, min = 9223372036854.78ms, total = 0.00ms
	CoreWorker.ExitIfParentRayletDies - 1 total (1 active), Execution time: mean = 0.00ms, total = 0.00ms, Queueing time: mean = 0.00ms, max = -0.00ms, min = 9223372036854.78ms, total = 0.00ms
	ReporterService.grpc_client.HealthCheck - 1 total (1 active), Execution time: mean = 0.00ms, total = 0.00ms, Queueing time: mean = 0.00ms, max = -0.00ms, min = 9223372036854.78ms, total = 0.00ms
	Publisher.CheckDeadSubscribers - 1 total (1 active), Execution time: mean = 0.00ms, total = 0.00ms, Queueing time: mean = 0.00ms, max = -0.00ms, min = 9223372036854.78ms, total = 0.00ms
	ray::rpc::InternalPubSubGcsService.grpc_client.GcsSubscriberCommandBatch - 1 total (0 active), Execution time: mean = 0.37ms, total = 0.37ms, Queueing time: mean = 0.00ms, max = -0.00ms, min = 9223372036854.78ms, total = 0.00ms
	ray::rpc::WorkerInfoGcsService.grpc_client.AddWorkerInfo - 1 total (0 active), Execution time: mean = 0.31ms, total = 0.31ms, Queueing time: mean = 0.00ms, max = -0.00ms, min = 9223372036854.78ms, total = 0.00ms
	ray::rpc::InternalPubSubGcsService.grpc_client.GcsSubscriberCommandBatch.OnReplyReceived - 1 total (1 active), Execution time: mean = 0.00ms, total = 0.00ms, Queueing time: mean = 0.00ms, max = -0.00ms, min = 9223372036854.78ms, total = 0.00ms

-----------------
Task execution event stats:

Global stats: 0 total (0 active)
Queueing time: mean = -nanms, max = -0.00ms, min = 9223372036854.78ms, total = 0.00ms
Execution time:  mean = -nanms, total = 0.00ms
Event stats:

-----------------
Task Event stats:

IO Service Stats:

Global stats: 4 total (1 active)
Queueing time: mean = 0.00ms, max = 0.01ms, min = 0.00ms, total = 0.02ms
Execution time:  mean = 0.20ms, total = 0.81ms
Event stats:
	PeriodicalRunner.RunFnPeriodically - 1 total (0 active), Execution time: mean = 0.11ms, total = 0.11ms, Queueing time: mean = 0.01ms, max = 0.01ms, min = 0.01ms, total = 0.01ms
	ray::rpc::TaskInfoGcsService.grpc_client.AddTaskEventData - 1 total (0 active), Execution time: mean = 0.68ms, total = 0.68ms, Queueing time: mean = 0.00ms, max = -0.00ms, min = 9223372036854.78ms, total = 0.00ms
	CoreWorker.deadline_timer.flush_task_events - 1 total (1 active), Execution time: mean = 0.00ms, total = 0.00ms, Queueing time: mean = 0.00ms, max = -0.00ms, min = 9223372036854.78ms, total = 0.00ms
	ray::rpc::TaskInfoGcsService.grpc_client.AddTaskEventData.OnReplyReceived - 1 total (0 active), Execution time: mean = 0.02ms, total = 0.02ms, Queueing time: mean = 0.00ms, max = 0.00ms, min = 0.00ms, total = 0.00ms
Other Stats:
	gcs_grpc_in_progress:0
	event_aggregator_grpc_in_progress:0
	current number of task status events in buffer: 0
	current number of profile events in buffer: 0
	current number of dropped task attempts tracked: 0
	total task events sent: 0 MiB
	total number of task attempts sent: 0
	total number of task attempts dropped reported: 0
	total number of sent failure: 0
	num status task events dropped: 0
	num profile task events dropped: 0
	num ray task events reported to aggregator: 0
	num ray task events failed to report to aggregator: 0
	num of task attempts dropped reported to aggregator: 0
	num of failed requests to aggregator: 0

[2026-04-14 06:32:40,819 I 2529950 2532132] accessor.cc:847: Received address and liveness notification for node, IsAlive = 1 node_id=41b99a4beb5575d68e28d30a737c8b9b4d46bd7bd31158a4b5855554
[2026-04-14 06:32:40,819 I 2529950 2532132] normal_task_submitter.cc:818: Number of alive nodes:1
[2026-04-14 06:32:42,707 I 2529950 2532132] accessor.cc:847: Received address and liveness notification for node, IsAlive = 0 node_id=41b99a4beb5575d68e28d30a737c8b9b4d46bd7bd31158a4b5855554
[2026-04-14 06:32:42,707 I 2529950 2532132] core_worker.cc:742: Node failure. All objects pinned on that node will be lost if object reconstruction is not enabled. node_id=41b99a4beb5575d68e28d30a737c8b9b4d46bd7bd31158a4b5855554
