[2026-04-14 06:32:40,163 I 2529776 2529776] (raylet) main.cc:270: Setting cluster ID to: 133fc513f7cff6e49bf995799499925123c0ca331080052a7741a504
[2026-04-14 06:32:40,169 I 2529776 2529776] (raylet) main.cc:458: Per-worker process group cleanup is DISABLED, subreaper is DISABLED
[2026-04-14 06:32:40,169 I 2529776 2529776] (raylet) main.cc:592: Setting node ID node_id=41b99a4beb5575d68e28d30a737c8b9b4d46bd7bd31158a4b5855554
[2026-04-14 06:32:40,169 I 2529776 2529776] (raylet) store_runner.cc:50: Allowing the Plasma store to use up to 149.043GB of memory.
[2026-04-14 06:32:40,169 I 2529776 2529776] (raylet) store_runner.cc:66: Starting object store with directory /dev/shm, fallback /tmp/_sr_2529067/session_2026-04-14_06-32-38_095688_2529067, and huge page support disabled
[2026-04-14 06:32:40,170 I 2529776 2529803] (raylet) dlmalloc.cc:324: Setting dlmalloc config: plasma_directory=/dev/shm, fallback_directory=/tmp/_sr_2529067/session_2026-04-14_06-32-38_095688_2529067, hugepage_enabled=0, fallback_enabled=1
[2026-04-14 06:32:40,170 I 2529776 2529803] (raylet) dlmalloc.cc:153: create_and_mmap_buffer(149043281928, /dev/shm/plasmaXXXXXX)
[2026-04-14 06:32:40,170 I 2529776 2529803] (raylet) store.cc:573: Plasma store debug dump: 
Current usage: 0 / 149.043 GB
- num bytes created total: 0
0 pending objects of total size 0MB
- objects spillable: 0
- bytes spillable: 0
- objects unsealed: 0
- bytes unsealed: 0
- objects in use: 0
- bytes in use: 0
- objects evictable: 0
- bytes evictable: 0

- objects created by worker: 0
- bytes created by worker: 0
- objects restored: 0
- bytes restored: 0
- objects received: 0
- bytes received: 0
- objects errored: 0
- bytes errored: 0

[2026-04-14 06:32:40,171 I 2529776 2529776] (raylet) grpc_server.cc:142: ObjectManager server started, listening on port 39999.
[2026-04-14 06:32:40,176 W 2529776 2529776] (raylet) memory_monitor.cc:197: Got negative used memory for cgroup -1, setting it to zero
[2026-04-14 06:32:40,176 I 2529776 2529776] (raylet) memory_monitor.cc:47: MemoryMonitor initialized with usage threshold at 505715163136 bytes (0.95 system memory), total system memory bytes: 532331769856
[2026-04-14 06:32:40,176 I 2529776 2529776] (raylet) node_manager.cc:241: Initializing NodeManager node_id=41b99a4beb5575d68e28d30a737c8b9b4d46bd7bd31158a4b5855554
[2026-04-14 06:32:40,176 I 2529776 2529776] (raylet) grpc_server.cc:142: NodeManager server started, listening on port 42369.
[2026-04-14 06:32:40,183 I 2529776 2529776] (raylet) io_service_pool.cc:37: IOServicePool is running with 1 io_service.
[2026-04-14 06:32:40,183 I 2529776 2529864] (raylet) agent_manager.cc:81: Monitor agent process with name runtime_env_agent
[2026-04-14 06:32:40,184 I 2529776 2529861] (raylet) agent_manager.cc:81: Monitor agent process with name dashboard_agent
[2026-04-14 06:32:40,184 I 2529776 2529776] (raylet) metrics_agent_client.cc:42: Initializing exporter ...
[2026-04-14 06:32:40,184 I 2529776 2529776] (raylet) event.cc:499: Ray Event initialized for RAYLET
[2026-04-14 06:32:40,184 I 2529776 2529776] (raylet) event.cc:332: Set ray event level to warning
[2026-04-14 06:32:40,185 I 2529776 2529776] (raylet) node_manager.cc:291: Raylet of id, 41b99a4beb5575d68e28d30a737c8b9b4d46bd7bd31158a4b5855554 started. Raylet consists of node_manager and object_manager. node_manager address: 172.31.1.230:0 object_manager address: 172.31.1.230:39999 hostname: ip-172-31-1-230
[2026-04-14 06:32:40,187 I 2529776 2529776] (raylet) node_manager.cc:424: [state-dump] NodeManager:
[state-dump] Node ID: 41b99a4beb5575d68e28d30a737c8b9b4d46bd7bd31158a4b5855554
[state-dump] Node name: 172.31.1.230
[state-dump] InitialConfigResources: {node:__internal_head__: 1, CPU: 64, object_store_memory: 1.49043e+11, node:172.31.1.230: 1, memory: 3.47767e+11}
[state-dump] ClusterLeaseManager:
[state-dump] ========== Node: 41b99a4beb5575d68e28d30a737c8b9b4d46bd7bd31158a4b5855554 =================
[state-dump] Infeasible queue length: 0
[state-dump] Schedule queue length: 0
[state-dump] Grant queue length: 0
[state-dump] num_waiting_for_resource: 0
[state-dump] num_waiting_for_plasma_memory: 0
[state-dump] num_waiting_for_remote_node_resources: 0
[state-dump] num_worker_not_started_by_job_config_not_exist: 0
[state-dump] num_worker_not_started_by_registration_timeout: 0
[state-dump] num_tasks_waiting_for_workers: 0
[state-dump] num_cancelled_leases: 0
[state-dump] cluster_resource_scheduler state: 
[state-dump] Local id: 1782512569592677839 Local resources: {"total":{node:172.31.1.230: [10000], CPU: [640000], object_store_memory: [1490431635450000], node:__internal_head__: [10000], memory: [3477673816070000]}}, "available": {CPU: [640000], memory: [3477673816070000], object_store_memory: [1490431635450000], node:172.31.1.230: [10000], node:__internal_head__: [10000]}}, "labels":{"ray.io/node-id":"41b99a4beb5575d68e28d30a737c8b9b4d46bd7bd31158a4b5855554",} is_draining: 0 is_idle: 1 Cluster resources (at most 20 nodes are shown): node id: 1782512569592677839{"total":{node:__internal_head__: 10000, CPU: 640000, object_store_memory: 1490431635450000, node:172.31.1.230: 10000, memory: 3477673816070000}}, "available": {node:__internal_head__: 10000, CPU: 640000, object_store_memory: 1490431635450000, node:172.31.1.230: 10000, memory: 3477673816070000}}, "labels":{"ray.io/node-id":"41b99a4beb5575d68e28d30a737c8b9b4d46bd7bd31158a4b5855554",}, "is_draining": 0, "draining_deadline_timestamp_ms": -1} { "placement group locations": [], "node to bundles": []}
[state-dump] Waiting leases size: 0
[state-dump] Number of granted lease arguments: 0
[state-dump] Number of pinned lease arguments: 0
[state-dump] Number of total spilled leases: 0
[state-dump] Number of spilled waiting leases: 0
[state-dump] Number of spilled unschedulable leases: 0
[state-dump] Resource usage {
[state-dump] }
[state-dump] Backlog Size per scheduling descriptor :{workerId: num backlogs}:
[state-dump] 
[state-dump] Granted leases by scheduling class:
[state-dump] ==================================================
[state-dump] 
[state-dump] ClusterResources:
[state-dump] LocalObjectManager:
[state-dump] - num pinned objects: 0
[state-dump] - pinned objects size: 0
[state-dump] - num objects pending restore: 0
[state-dump] - num objects pending spill: 0
[state-dump] - num bytes pending spill: 0
[state-dump] - num bytes currently spilled: 0
[state-dump] - cumulative spill requests: 0
[state-dump] - cumulative restore requests: 0
[state-dump] - spilled objects pending delete: 0
[state-dump] 
[state-dump] ObjectManager:
[state-dump] - num local objects: 0
[state-dump] - num unfulfilled push requests: 0
[state-dump] - num object pull requests: 0
[state-dump] - num chunks received total: 0
[state-dump] - num chunks received failed (all): 0
[state-dump] - num chunks received failed / cancelled: 0
[state-dump] - num chunks received failed / plasma error: 0
[state-dump] Event stats:
[state-dump] Global stats: 0 total (0 active)
[state-dump] Queueing time: mean = -nanms, max = -0.00ms, min = 9223372036854.78ms, total = 0.00ms
[state-dump] Execution time:  mean = -nanms, total = 0.00ms
[state-dump] Event stats:
[state-dump] PushManager:
[state-dump] - num pushes remaining: 0
[state-dump] - num chunks in flight: 0
[state-dump] - num chunks remaining: 0
[state-dump] - max chunks allowed: 409
[state-dump] OwnershipBasedObjectDirectory:
[state-dump] - num listeners: 0
[state-dump] - cumulative location updates: 0
[state-dump] - num location updates per second: 0.000
[state-dump] - num location lookups per second: 0.000
[state-dump] - num locations added per second: 0.000
[state-dump] - num locations removed per second: 0.000
[state-dump] BufferPool:
[state-dump] - create buffer state map size: 0
[state-dump] PullManager:
[state-dump] - num bytes available for pulled objects: 149043163545
[state-dump] - num bytes being pulled (all): 0
[state-dump] - num bytes being pulled / pinned: 0
[state-dump] - get request bundles: BundlePullRequestQueue{0 total, 0 active, 0 inactive, 0 unpullable}
[state-dump] - wait request bundles: BundlePullRequestQueue{0 total, 0 active, 0 inactive, 0 unpullable}
[state-dump] - task request bundles: BundlePullRequestQueue{0 total, 0 active, 0 inactive, 0 unpullable}
[state-dump] - first get request bundle: N/A
[state-dump] - first wait request bundle: N/A
[state-dump] - first task request bundle: N/A
[state-dump] - num objects queued: 0
[state-dump] - num objects actively pulled (all): 0
[state-dump] - num objects actively pulled / pinned: 0
[state-dump] - num bundles being pulled: 0
[state-dump] - num pull retries: 0
[state-dump] - max timeout seconds: 0
[state-dump] - max timeout request is already processed. No entry.
[state-dump] 
[state-dump] WorkerPool:
[state-dump] - registered jobs: 0
[state-dump] - process_failed_job_config_missing: 0
[state-dump] - process_failed_rate_limited: 0
[state-dump] - process_failed_pending_registration: 0
[state-dump] - process_failed_runtime_env_setup_failed: 0
[state-dump] - num PYTHON workers: 0
[state-dump] - num PYTHON drivers: 0
[state-dump] - num PYTHON pending start requests: 0
[state-dump] - num PYTHON pending registration requests: 0
[state-dump] - num object spill callbacks queued: 0
[state-dump] - num object restore queued: 0
[state-dump] - num util functions queued: 0
[state-dump] - num idle workers: 0
[state-dump] LeaseDependencyManager:
[state-dump] - lease deps map size: 0
[state-dump] - get req map size: 0
[state-dump] - wait req map size: 0
[state-dump] - local objects map size: 0
[state-dump] WaitManager:
[state-dump] - num active wait requests: 0
[state-dump] Subscriber:
[state-dump] Channel WORKER_OBJECT_LOCATIONS_CHANNEL
[state-dump] - cumulative subscribe requests: 0
[state-dump] - cumulative unsubscribe requests: 0
[state-dump] - active subscribed publishers: 0
[state-dump] - cumulative published messages: 0
[state-dump] - cumulative processed messages: 0
[state-dump] Channel WORKER_OBJECT_EVICTION
[state-dump] - cumulative subscribe requests: 0
[state-dump] - cumulative unsubscribe requests: 0
[state-dump] - active subscribed publishers: 0
[state-dump] - cumulative published messages: 0
[state-dump] - cumulative processed messages: 0
[state-dump] Channel WORKER_REF_REMOVED_CHANNEL
[state-dump] - cumulative subscribe requests: 0
[state-dump] - cumulative unsubscribe requests: 0
[state-dump] - active subscribed publishers: 0
[state-dump] - cumulative published messages: 0
[state-dump] - cumulative processed messages: 0
[state-dump] num async plasma notifications: 0
[state-dump] Event stats:
[state-dump] Global stats: 34 total (15 active)
[state-dump] Queueing time: mean = 1.31ms, max = 8.85ms, min = 0.00ms, total = 44.62ms
[state-dump] Execution time:  mean = 0.59ms, total = 19.97ms
[state-dump] Event stats:
[state-dump] 	PeriodicalRunner.RunFnPeriodically - 12 total (2 active, 1 running), Execution time: mean = 0.08ms, total = 0.97ms, Queueing time: mean = 3.28ms, max = 8.85ms, min = 0.02ms, total = 39.37ms
[state-dump] 	event_loop_lag_probe - 2 total (0 active), Execution time: mean = 0.01ms, total = 0.01ms, Queueing time: mean = 2.61ms, max = 5.21ms, min = 0.00ms, total = 5.21ms
[state-dump] 	NodeManager.deadline_timer.debug_state_dump - 1 total (1 active), Execution time: mean = 0.00ms, total = 0.00ms, Queueing time: mean = 0.00ms, max = -0.00ms, min = 9223372036854.78ms, total = 0.00ms
[state-dump] 	ReporterService.grpc_client.HealthCheck.OnReplyReceived - 1 total (0 active), Execution time: mean = 0.05ms, total = 0.05ms, Queueing time: mean = 0.01ms, max = 0.01ms, min = 0.01ms, total = 0.01ms
[state-dump] 	NodeManager.deadline_timer.record_metrics - 1 total (1 active), Execution time: mean = 0.00ms, total = 0.00ms, Queueing time: mean = 0.00ms, max = -0.00ms, min = 9223372036854.78ms, total = 0.00ms
[state-dump] 	ray::rpc::InternalPubSubGcsService.grpc_client.GcsSubscriberCommandBatch.OnReplyReceived - 1 total (1 active), Execution time: mean = 0.00ms, total = 0.00ms, Queueing time: mean = 0.00ms, max = -0.00ms, min = 9223372036854.78ms, total = 0.00ms
[state-dump] 	NodeManager.CheckForUnexpectedWorkerDisconnects - 1 total (1 active), Execution time: mean = 0.00ms, total = 0.00ms, Queueing time: mean = 0.00ms, max = -0.00ms, min = 9223372036854.78ms, total = 0.00ms
[state-dump] 	MetricsAgentClient.WaitForServerReadyWithRetry - 1 total (1 active), Execution time: mean = 0.00ms, total = 0.00ms, Queueing time: mean = 0.00ms, max = -0.00ms, min = 9223372036854.78ms, total = 0.00ms
[state-dump] 	ray::rpc::InternalKVGcsService.grpc_client.GetInternalConfig.OnReplyReceived - 1 total (0 active), Execution time: mean = 15.36ms, total = 15.36ms, Queueing time: mean = 0.01ms, max = 0.01ms, min = 0.01ms, total = 0.01ms
[state-dump] 	ray::rpc::NodeInfoGcsService.grpc_client.RegisterNode - 1 total (0 active), Execution time: mean = 1.15ms, total = 1.15ms, Queueing time: mean = 0.00ms, max = -0.00ms, min = 9223372036854.78ms, total = 0.00ms
[state-dump] 	ClusterResourceManager.ResetRemoteNodeView - 1 total (1 active), Execution time: mean = 0.00ms, total = 0.00ms, Queueing time: mean = 0.00ms, max = -0.00ms, min = 9223372036854.78ms, total = 0.00ms
[state-dump] 	ReporterService.grpc_client.HealthCheck - 1 total (0 active), Execution time: mean = 0.69ms, total = 0.69ms, Queueing time: mean = 0.00ms, max = -0.00ms, min = 9223372036854.78ms, total = 0.00ms
[state-dump] 	NodeManager.GCTaskFailureReason - 1 total (1 active), Execution time: mean = 0.00ms, total = 0.00ms, Queueing time: mean = 0.00ms, max = -0.00ms, min = 9223372036854.78ms, total = 0.00ms
[state-dump] 	ray::rpc::InternalPubSubGcsService.grpc_client.GcsSubscriberPoll - 1 total (1 active), Execution time: mean = 0.00ms, total = 0.00ms, Queueing time: mean = 0.00ms, max = -0.00ms, min = 9223372036854.78ms, total = 0.00ms
[state-dump] 	NodeManager.ScheduleAndGrantLeases - 1 total (1 active), Execution time: mean = 0.00ms, total = 0.00ms, Queueing time: mean = 0.00ms, max = -0.00ms, min = 9223372036854.78ms, total = 0.00ms
[state-dump] 	ray::rpc::InternalPubSubGcsService.grpc_client.GcsSubscriberCommandBatch - 1 total (0 active), Execution time: mean = 0.54ms, total = 0.54ms, Queueing time: mean = 0.00ms, max = -0.00ms, min = 9223372036854.78ms, total = 0.00ms
[state-dump] 	MemoryMonitor.CheckIsMemoryUsageAboveThreshold - 1 total (1 active), Execution time: mean = 0.00ms, total = 0.00ms, Queueing time: mean = 0.00ms, max = -0.00ms, min = 9223372036854.78ms, total = 0.00ms
[state-dump] 	RayletWorkerPool.deadline_timer.kill_idle_workers - 1 total (1 active), Execution time: mean = 0.00ms, total = 0.00ms, Queueing time: mean = 0.00ms, max = -0.00ms, min = 9223372036854.78ms, total = 0.00ms
[state-dump] 	ray::rpc::InternalKVGcsService.grpc_client.GetInternalConfig - 1 total (0 active), Execution time: mean = 1.05ms, total = 1.05ms, Queueing time: mean = 0.00ms, max = -0.00ms, min = 9223372036854.78ms, total = 0.00ms
[state-dump] 	NodeManager.deadline_timer.spill_objects_when_over_threshold - 1 total (1 active), Execution time: mean = 0.00ms, total = 0.00ms, Queueing time: mean = 0.00ms, max = -0.00ms, min = 9223372036854.78ms, total = 0.00ms
[state-dump] 	NodeManager.deadline_timer.flush_free_objects - 1 total (1 active), Execution time: mean = 0.00ms, total = 0.00ms, Queueing time: mean = 0.00ms, max = -0.00ms, min = 9223372036854.78ms, total = 0.00ms
[state-dump] 	ray::rpc::NodeInfoGcsService.grpc_client.RegisterNode.OnReplyReceived - 1 total (0 active), Execution time: mean = 0.16ms, total = 0.16ms, Queueing time: mean = 0.01ms, max = 0.01ms, min = 0.01ms, total = 0.01ms
[state-dump] DebugString() time ms: 0
[state-dump] 
[state-dump] 
[2026-04-14 06:32:40,188 I 2529776 2529776] (raylet) accessor.cc:847: Received address and liveness notification for node, IsAlive = 1 node_id=41b99a4beb5575d68e28d30a737c8b9b4d46bd7bd31158a4b5855554
[2026-04-14 06:32:40,299 I 2529776 2529776] (raylet) worker_pool.cc:749: [Eagerly] Start install runtime environment for job 01000000.
[2026-04-14 06:32:40,301 I 2529776 2529776] (raylet) worker_pool.cc:530: Started worker process with pid 2529906, the token is 0
[2026-04-14 06:32:40,303 I 2529776 2529776] (raylet) worker_pool.cc:530: Started worker process with pid 2529907, the token is 1
[2026-04-14 06:32:40,304 I 2529776 2529776] (raylet) worker_pool.cc:530: Started worker process with pid 2529908, the token is 2
[2026-04-14 06:32:40,306 I 2529776 2529776] (raylet) worker_pool.cc:530: Started worker process with pid 2529909, the token is 3
[2026-04-14 06:32:40,307 I 2529776 2529776] (raylet) worker_pool.cc:530: Started worker process with pid 2529910, the token is 4
[2026-04-14 06:32:40,309 I 2529776 2529776] (raylet) worker_pool.cc:530: Started worker process with pid 2529911, the token is 5
[2026-04-14 06:32:40,310 I 2529776 2529776] (raylet) worker_pool.cc:530: Started worker process with pid 2529912, the token is 6
[2026-04-14 06:32:40,311 I 2529776 2529776] (raylet) worker_pool.cc:530: Started worker process with pid 2529913, the token is 7
[2026-04-14 06:32:40,313 I 2529776 2529776] (raylet) worker_pool.cc:530: Started worker process with pid 2529914, the token is 8
[2026-04-14 06:32:40,314 I 2529776 2529776] (raylet) worker_pool.cc:530: Started worker process with pid 2529915, the token is 9
[2026-04-14 06:32:40,315 I 2529776 2529776] (raylet) worker_pool.cc:530: Started worker process with pid 2529916, the token is 10
[2026-04-14 06:32:40,316 I 2529776 2529776] (raylet) worker_pool.cc:530: Started worker process with pid 2529917, the token is 11
[2026-04-14 06:32:40,318 I 2529776 2529776] (raylet) worker_pool.cc:530: Started worker process with pid 2529918, the token is 12
[2026-04-14 06:32:40,319 I 2529776 2529776] (raylet) worker_pool.cc:530: Started worker process with pid 2529919, the token is 13
[2026-04-14 06:32:40,321 I 2529776 2529776] (raylet) worker_pool.cc:530: Started worker process with pid 2529920, the token is 14
[2026-04-14 06:32:40,322 I 2529776 2529776] (raylet) worker_pool.cc:530: Started worker process with pid 2529921, the token is 15
[2026-04-14 06:32:40,323 I 2529776 2529776] (raylet) worker_pool.cc:530: Started worker process with pid 2529922, the token is 16
[2026-04-14 06:32:40,325 I 2529776 2529776] (raylet) worker_pool.cc:530: Started worker process with pid 2529923, the token is 17
[2026-04-14 06:32:40,326 I 2529776 2529776] (raylet) worker_pool.cc:530: Started worker process with pid 2529924, the token is 18
[2026-04-14 06:32:40,339 I 2529776 2529776] (raylet) worker_pool.cc:530: Started worker process with pid 2529925, the token is 19
[2026-04-14 06:32:40,341 I 2529776 2529776] (raylet) worker_pool.cc:530: Started worker process with pid 2529926, the token is 20
[2026-04-14 06:32:40,342 I 2529776 2529776] (raylet) worker_pool.cc:530: Started worker process with pid 2529927, the token is 21
[2026-04-14 06:32:40,344 I 2529776 2529776] (raylet) worker_pool.cc:530: Started worker process with pid 2529928, the token is 22
[2026-04-14 06:32:40,345 I 2529776 2529776] (raylet) worker_pool.cc:530: Started worker process with pid 2529929, the token is 23
[2026-04-14 06:32:40,347 I 2529776 2529776] (raylet) worker_pool.cc:530: Started worker process with pid 2529930, the token is 24
[2026-04-14 06:32:40,348 I 2529776 2529776] (raylet) worker_pool.cc:530: Started worker process with pid 2529931, the token is 25
[2026-04-14 06:32:40,349 I 2529776 2529776] (raylet) worker_pool.cc:530: Started worker process with pid 2529932, the token is 26
[2026-04-14 06:32:40,351 I 2529776 2529776] (raylet) worker_pool.cc:530: Started worker process with pid 2529933, the token is 27
[2026-04-14 06:32:40,353 I 2529776 2529776] (raylet) worker_pool.cc:530: Started worker process with pid 2529934, the token is 28
[2026-04-14 06:32:40,355 I 2529776 2529776] (raylet) worker_pool.cc:530: Started worker process with pid 2529935, the token is 29
[2026-04-14 06:32:40,357 I 2529776 2529776] (raylet) worker_pool.cc:530: Started worker process with pid 2529936, the token is 30
[2026-04-14 06:32:40,359 I 2529776 2529776] (raylet) worker_pool.cc:530: Started worker process with pid 2529937, the token is 31
[2026-04-14 06:32:40,361 I 2529776 2529776] (raylet) worker_pool.cc:530: Started worker process with pid 2529938, the token is 32
[2026-04-14 06:32:40,363 I 2529776 2529776] (raylet) worker_pool.cc:530: Started worker process with pid 2529939, the token is 33
[2026-04-14 06:32:40,365 I 2529776 2529776] (raylet) worker_pool.cc:530: Started worker process with pid 2529940, the token is 34
[2026-04-14 06:32:40,367 I 2529776 2529776] (raylet) worker_pool.cc:530: Started worker process with pid 2529941, the token is 35
[2026-04-14 06:32:40,369 I 2529776 2529776] (raylet) worker_pool.cc:530: Started worker process with pid 2529942, the token is 36
[2026-04-14 06:32:40,372 I 2529776 2529776] (raylet) worker_pool.cc:530: Started worker process with pid 2529943, the token is 37
[2026-04-14 06:32:40,374 I 2529776 2529776] (raylet) worker_pool.cc:530: Started worker process with pid 2529944, the token is 38
[2026-04-14 06:32:40,376 I 2529776 2529776] (raylet) worker_pool.cc:530: Started worker process with pid 2529945, the token is 39
[2026-04-14 06:32:40,378 I 2529776 2529776] (raylet) worker_pool.cc:530: Started worker process with pid 2529946, the token is 40
[2026-04-14 06:32:40,380 I 2529776 2529776] (raylet) worker_pool.cc:530: Started worker process with pid 2529947, the token is 41
[2026-04-14 06:32:40,383 I 2529776 2529776] (raylet) worker_pool.cc:530: Started worker process with pid 2529948, the token is 42
[2026-04-14 06:32:40,385 I 2529776 2529776] (raylet) worker_pool.cc:530: Started worker process with pid 2529949, the token is 43
[2026-04-14 06:32:40,387 I 2529776 2529776] (raylet) worker_pool.cc:530: Started worker process with pid 2529950, the token is 44
[2026-04-14 06:32:40,389 I 2529776 2529776] (raylet) worker_pool.cc:530: Started worker process with pid 2529951, the token is 45
[2026-04-14 06:32:40,391 I 2529776 2529776] (raylet) worker_pool.cc:530: Started worker process with pid 2529952, the token is 46
[2026-04-14 06:32:40,393 I 2529776 2529776] (raylet) worker_pool.cc:530: Started worker process with pid 2529953, the token is 47
[2026-04-14 06:32:40,396 I 2529776 2529776] (raylet) worker_pool.cc:530: Started worker process with pid 2529954, the token is 48
[2026-04-14 06:32:40,398 I 2529776 2529776] (raylet) worker_pool.cc:530: Started worker process with pid 2529955, the token is 49
[2026-04-14 06:32:40,400 I 2529776 2529776] (raylet) worker_pool.cc:530: Started worker process with pid 2529956, the token is 50
[2026-04-14 06:32:40,402 I 2529776 2529776] (raylet) worker_pool.cc:530: Started worker process with pid 2529957, the token is 51
[2026-04-14 06:32:40,404 I 2529776 2529776] (raylet) worker_pool.cc:530: Started worker process with pid 2529958, the token is 52
[2026-04-14 06:32:40,407 I 2529776 2529776] (raylet) worker_pool.cc:530: Started worker process with pid 2529959, the token is 53
[2026-04-14 06:32:40,409 I 2529776 2529776] (raylet) worker_pool.cc:530: Started worker process with pid 2529961, the token is 54
[2026-04-14 06:32:40,411 I 2529776 2529776] (raylet) worker_pool.cc:530: Started worker process with pid 2529964, the token is 55
[2026-04-14 06:32:40,413 I 2529776 2529776] (raylet) worker_pool.cc:530: Started worker process with pid 2529965, the token is 56
[2026-04-14 06:32:40,415 I 2529776 2529776] (raylet) worker_pool.cc:530: Started worker process with pid 2529966, the token is 57
[2026-04-14 06:32:40,417 I 2529776 2529776] (raylet) worker_pool.cc:530: Started worker process with pid 2529971, the token is 58
[2026-04-14 06:32:40,420 I 2529776 2529776] (raylet) worker_pool.cc:530: Started worker process with pid 2529994, the token is 59
[2026-04-14 06:32:40,422 I 2529776 2529776] (raylet) worker_pool.cc:530: Started worker process with pid 2529995, the token is 60
[2026-04-14 06:32:40,424 I 2529776 2529776] (raylet) worker_pool.cc:530: Started worker process with pid 2529996, the token is 61
[2026-04-14 06:32:40,427 I 2529776 2529776] (raylet) worker_pool.cc:530: Started worker process with pid 2529997, the token is 62
[2026-04-14 06:32:40,429 I 2529776 2529776] (raylet) worker_pool.cc:530: Started worker process with pid 2529998, the token is 63
[2026-04-14 06:32:40,430 I 2529776 2529776] (raylet) runtime_env_agent_client.cc:344: Runtime Env Agent network error: NotFound: on_connect Connection refused, the server may be still starting or is already failed. Scheduling a retry in 1000ms...
[2026-04-14 06:32:40,712 I 2529776 2529803] (raylet) object_store.cc:37: Object store current usage 8e-09 / 149.043 GB.
[2026-04-14 06:32:40,974 I 2529776 2529776] (raylet) worker_pool.cc:739: Job 01000000 already started in worker pool.
[2026-04-14 06:32:41,439 I 2529776 2529776] (raylet) runtime_env_agent_client.cc:387: Create runtime env for job 01000000
[2026-04-14 06:32:41,439 I 2529776 2529776] (raylet) worker_pool.cc:760: [Eagerly] Create runtime env successful for job 01000000.
[2026-04-14 06:32:42,186 I 2529776 2529776] (raylet) metrics_agent_client.cc:54: Exporter initialized.
[2026-04-14 06:32:42,605 I 2529776 2529776] (raylet) node_manager.cc:1433: Disconnecting client, graceful=true, disconnect_type=3, has_creation_task_exception=false worker_id=01000000ffffffffffffffffffffffffffffffffffffffffffffffff
[2026-04-14 06:32:42,605 I 2529776 2529776] (raylet) node_manager.cc:1560: Driver (pid=2529067) is disconnected. worker_id=01000000ffffffffffffffffffffffffffffffffffffffffffffffff job_id=01000000
[2026-04-14 06:32:42,608 W 2529776 2529803] (raylet) store.cc:366: Disconnecting client due to connection error with code 2: End of file
[2026-04-14 06:32:42,608 I 2529776 2529776] (raylet) worker_pool.cc:739: Job 01000000 already started in worker pool.
[2026-04-14 06:32:42,704 I 2529776 2529776] (raylet) main.cc:1029: received SIGTERM. Existing local drain request = None
[2026-04-14 06:32:42,704 I 2529776 2529776] (raylet) main.cc:412: Raylet graceful shutdown triggered with death info: reason: EXPECTED_TERMINATION
reason_message: "received SIGTERM"

[2026-04-14 06:32:42,704 I 2529776 2529776] (raylet) accessor.cc:493: Unregistering node node_id=41b99a4beb5575d68e28d30a737c8b9b4d46bd7bd31158a4b5855554
[2026-04-14 06:32:42,706 I 2529776 2529776] (raylet) accessor.cc:501: Finished unregistering node info, status = OK node_id=41b99a4beb5575d68e28d30a737c8b9b4d46bd7bd31158a4b5855554
[2026-04-14 06:32:42,706 W 2529776 2529803] (raylet) store.cc:366: Disconnecting client due to connection error with code 2: End of file
[2026-04-14 06:32:42,708 I 2529776 2529776] (raylet) agent_manager.cc:116: Killing agent dashboard_agent, pid 2529859.
[2026-04-14 06:32:42,713 I 2529776 2529861] (raylet) agent_manager.cc:83: Agent process with name dashboard_agent exited, exit code 0.
[2026-04-14 06:32:42,714 I 2529776 2529776] (raylet) agent_manager.cc:116: Killing agent runtime_env_agent, pid 2529862.
[2026-04-14 06:32:42,717 I 2529776 2529864] (raylet) agent_manager.cc:83: Agent process with name runtime_env_agent exited, exit code 0.
[2026-04-14 06:32:42,717 I 2529776 2529776] (raylet) io_service_pool.cc:49: IOServicePool is stopped.
[2026-04-14 06:32:42,888 I 2529776 2529776] (raylet) stats.h:149: Stats module has shutdown.
